Archive member included because of file (symbol)

/cygdrive/c/cygwin/nxtOSEK/ecrobot/../c++/liblejososek.a(timerint.o)
                              build/syslib/at91sam7s-gnu/lego_nxt/hw_sys_timer.oram (user_1ms_isr_type2)
/cygdrive/c/cygwin/nxtOSEK/ecrobot/../c++/liblejososek.a(sleep.o)
                              /cygdrive/c/cygwin/nxtOSEK/ecrobot/../c++/liblejososek.a(timerint.o) (isSleeping)
/cygdrive/c/cygwin/nxtOSEK/ecrobot/../ecrobot/libecrobot.a(ecrobot_device_hook.o)
                              build/ecrobot.o (ecrobot_device_initialize)
/cygdrive/c/cygwin/nxtOSEK/ecrobot/../ecrobot/libecrobot.a(ecrobot_interface.o)
                              build/ecrobot_base.o (ecrobot_get_battery_voltage)
/cygdrive/c/cygwin/nxtOSEK/ecrobot/../ecrobot/libecrobot.a(colorsensor.o)
                              /cygdrive/c/cygwin/nxtOSEK/ecrobot/../ecrobot/libecrobot.a(ecrobot_interface.o) (colorsensor_init)
/cygdrive/c/cygwin/nxtOSEK/ecrobot/../ecrobot/libecrobot.a(osek_hook.o)
                              build/kernel/osctl.o (StartupHook)
/cygdrive/c/cygwin/nxtOSEK/ecrobot/../ecrobot/libecrobot.a(uart.oram)
                              build/config/at91sam7s-gnu/irq.oram (uart_isr_C_0)
/cygdrive/c/cygwin/nxtOSEK/ecrobot/../ecrobot/libecrobot.a(systick.oram)
                              build/syslib/at91sam7s-gnu/lego_nxt/hw_sys_timer.oram (systick_low_priority_C)
/cygdrive/c/cygwin/nxtOSEK/ecrobot/../ecrobot/libecrobot.a(byte_fifo.oram)
                              /cygdrive/c/cygwin/nxtOSEK/ecrobot/../ecrobot/libecrobot.a(uart.oram) (byte_fifo_put)
/cygdrive/c/cygwin/nxtOSEK/ecrobot/../ecrobot/libecrobot.a(aic.oram)
                              /cygdrive/c/cygwin/nxtOSEK/ecrobot/../ecrobot/libecrobot.a(uart.oram) (aic_set_vector)
/cygdrive/c/cygwin/nxtOSEK/ecrobot/../ecrobot/libecrobot.a(udp.oram)
                              build/config/at91sam7s-gnu/irq.oram (udp_isr_C)
/cygdrive/c/cygwin/nxtOSEK/ecrobot/../ecrobot/libecrobot.a(twi.oram)
                              build/config/at91sam7s-gnu/irq.oram (twi_isr_C)
/cygdrive/c/cygwin/nxtOSEK/ecrobot/../ecrobot/libecrobot.a(nxt_spi.oram)
                              build/config/at91sam7s-gnu/irq.oram (spi_isr_C)
/cygdrive/c/cygwin/nxtOSEK/ecrobot/../ecrobot/libecrobot.a(nxt_motors.oram)
                              /cygdrive/c/cygwin/nxtOSEK/ecrobot/../ecrobot/libecrobot.a(ecrobot_interface.o) (nxt_motor_get_count)
/cygdrive/c/cygwin/nxtOSEK/ecrobot/../ecrobot/libecrobot.a(data_abort.oram)
                              build/ecrobot_init.o (data_abort_C)
/cygdrive/c/cygwin/nxtOSEK/ecrobot/../ecrobot/libecrobot.a(display.oram)
                              build/ecrobot_base.o (display_update)
/cygdrive/c/cygwin/nxtOSEK/ecrobot/../ecrobot/libecrobot.a(i2c.oram)
                              build/config/at91sam7s-gnu/irq.oram (i2c_timer_isr_C)
/cygdrive/c/cygwin/nxtOSEK/ecrobot/../ecrobot/libecrobot.a(sound.oram)
                              /cygdrive/c/cygwin/nxtOSEK/ecrobot/../ecrobot/libecrobot.a(ecrobot_interface.o) (sound_get_time)
/cygdrive/c/cygwin/nxtOSEK/ecrobot/../ecrobot/libecrobot.a(bt.oram)
                              build/ecrobot_bluetooth.o (bt_send)
/cygdrive/c/cygwin/nxtOSEK/ecrobot/../ecrobot/libecrobot.a(nxt_avr.oram)
                              build/ecrobot_base.o (nxt_avr_power_down)
/cygdrive/c/cygwin/nxtOSEK/ecrobot/../ecrobot/libecrobot.a(sensors.oram)
                              /cygdrive/c/cygwin/nxtOSEK/ecrobot/../ecrobot/libecrobot.a(ecrobot_interface.o) (unset_digi0)
/cygdrive/c/cygwin/nxtOSEK/ecrobot/../ecrobot/libecrobot.a(sensors1.oram)
                              /cygdrive/c/cygwin/nxtOSEK/ecrobot/../ecrobot/libecrobot.a(colorsensor.o) (sensor_pins)
/cygdrive/c/cygwin/nxtOSEK/ecrobot/../ecrobot/libecrobot.a(nxt_lcd.oram)
                              /cygdrive/c/cygwin/nxtOSEK/ecrobot/../ecrobot/libecrobot.a(display.oram) (nxt_lcd_force_update)
/cygdrive/c/cygwin/nxtOSEK/ecrobot/../ecrobot/libecrobot.a(flash_loader.oram)
                              build/ecrobot_base.o (set_flash_request)
/cygdrive/c/cygwin/nxtOSEK/ecrobot/../ecrobot/libecrobot.a(interrupts.oram)
                              /cygdrive/c/cygwin/nxtOSEK/ecrobot/../ecrobot/libecrobot.a(uart.oram) (interrupts_get_and_disable)
/cygdrive/c/cygwin/nxtOSEK/ecrobot/../ecrobot/libecrobot.a(nxtosek_splash.obmp)
                              build/ecrobot_base.o (nxtosek_splash_bmp_start)
/cygdrive/c/cygwin/nxtOSEK/ecrobot/../ecrobot/libecrobot.a(ecrobot_usb.o)
                              /cygdrive/c/cygwin/nxtOSEK/ecrobot/../ecrobot/libecrobot.a(flash_loader.oram) (ecrobot_init_usb)
/cygdrive/c/cygwin/nxtOSEK/ecrobot/../ecrobot/libecrobot.a(flashprog.oram)
                              /cygdrive/c/cygwin/nxtOSEK/ecrobot/../ecrobot/libecrobot.a(flash_loader.oram) (flash_write_page)
/cygdrive/C/cygwin/GNUARM/bin/../lib/gcc/arm-elf/4.0.2/thumb/interwork/libgcc.a(_udivsi3.o)
                              build/ecrobot_base.o (__udivsi3)
[...]
Memory Configuration

Name             Origin             Length             Attributes
rom              0x00108000         0x00038000
vector_ram       0x00200000         0x00000040
ram              0x00200040         0x0000ffc0
*default*        0x00000000         0xffffffff

Linker script and memory map

LOAD build/kernel/alarm.o
LOAD build/kernel/event.o
LOAD build/kernel/interrupt.o
LOAD build/kernel/osctl.o
LOAD build/kernel/resource.o
LOAD build/kernel/task.o
LOAD build/kernel/task_manage.o
LOAD build/config/at91sam7s-gnu/cpu_config.o
LOAD build/config/at91sam7s-gnu/lego_nxt/sys_config.o
LOAD build/./kernel_cfg.o
LOAD build/syscalls.o
LOAD build/ecrobot_bluetooth.o
LOAD build/ecrobot_base.o
LOAD build/ecrobot.o
LOAD build/./Factory.o
LOAD build/./DrivenPart/WheelMotor.o
LOAD build/./DrivenPart/WheelActuator.o
LOAD build/syslib/at91sam7s-gnu/lego_nxt/hw_sys_timer.oram
LOAD build/nxtvm/platform/nxt/vectors.o
LOAD build/config/at91sam7s-gnu/debug.o
LOAD build/config/at91sam7s-gnu/lego_nxt/sys_support.o
LOAD build/nxt_binary_header.o
LOAD build/nxt_entry_point.o
LOAD build/ecrobot_init.o
LOAD build/config/at91sam7s-gnu/cpu_support.oram
LOAD build/config/at91sam7s-gnu/irq.oram
LOAD /cygdrive/c/cygwin/nxtOSEK/ecrobot/../c++/liblejososek.a
LOAD /cygdrive/c/cygwin/nxtOSEK/ecrobot/../ecrobot/libecrobot.a
LOAD /cygdrive/c/cygwin/nxtOSEK/ecrobot/../ecrobot/libnxtway_gs_balancer.a
LOAD /cygdrive/C/cygwin/GNUARM/bin/../lib/gcc/arm-elf/4.0.2/../../../../arm-elf/lib/thumb/interwork/libstdc++.a
LOAD /cygdrive/C/cygwin/GNUARM/bin/../lib/gcc/arm-elf/4.0.2/../../../../arm-elf/lib/thumb/interwork/libm.a
LOAD /cygdrive/C/cygwin/GNUARM/bin/../lib/gcc/arm-elf/4.0.2/thumb/interwork/libgcc.a
LOAD /cygdrive/C/cygwin/GNUARM/bin/../lib/gcc/arm-elf/4.0.2/../../../../arm-elf/lib/thumb/interwork/libc.a
LOAD /cygdrive/C/cygwin/GNUARM/bin/../lib/gcc/arm-elf/4.0.2/thumb/interwork/libgcc.a
                0x00108000                ROM_BASE = 0x108000
                0x00038000                ROM_SIZE = 0x38000
                0x00200000                RAM_BASE = 0x200000
                0x00010000                RAM_SIZE = 0x10000

.vectors        0x00200000       0x40 load address 0x00108000
 vectors.o(*.text *.text.*)
 .text          0x00200000       0x38 build/nxtvm/platform/nxt/vectors.o
                0x00200040                . = ALIGN (0x10)
 *fill*         0x00200038        0x8 00
                0x00200000                __vectors_ram_start__ = ADDR (.vectors)
                0x00200040                __vectors_ram_end__ = (ADDR (.vectors) + SIZEOF (.vectors))
                0x00108000                __vectors_load_start__ = LOADADDR (.vectors)
                0x00108040                __vectors_load_end__ = (LOADADDR (.vectors) + SIZEOF (.vectors))

.init           0x00108040      0x280
 *ecrobot_init.o(*.text *.text.*)
 .text          0x00108040      0x280 build/ecrobot_init.o
                0x001081ac                undef_handler
                0x001081b4                prefetch_abort_handler
                0x001081b8                data_abort_handler
                0x001081b0                swi_handler
                0x00108040                start
                0x001081d4                reserved_handler
                0x001082c0                . = ALIGN (0x10)

.ram_text       0x00200040     0x2ee0 load address 0x001082c0
                0x00200040                . = ALIGN (0x10)
 *.oram(*.text *.text.* *.glue*)
 .text.systick_isr_C1
                0x00200040       0x28 build/syslib/at91sam7s-gnu/lego_nxt/hw_sys_timer.oram
                0x00200040                systick_isr_C1
 *fill*         0x00200068        0x8 00
 .text          0x00200070      0x230 build/config/at91sam7s-gnu/cpu_support.oram
                0x00200250                enable_int
                0x002000f0                start_dispatch
                0x002000b0                activate_r
                0x00200248                disable_int
                0x00200070                dispatch
                0x0020021c                int_return
                0x002001ac                _interrupt
                0x002000e0                exit_and_dispatch
                0x00200258                nop
 .text          0x002002a0      0x2c0 build/config/at91sam7s-gnu/irq.oram
                0x002002a0                default_isr
                0x0020042c                uart_isr_entry_0
                0x002003ac                twi_isr_entry
                0x0020046c                uart_isr_entry_1
                0x0020036c                spi_isr_entry
                0x002002ec                systick_low_priority_entry
                0x002004ac                nxt_motor_isr_entry
                0x002004ec                i2c_timer_isr_entry
                0x002002a0                default_fiq
                0x002002a4                systick_isr_entry
                0x002002a0                spurious_isr
                0x002003ec                sound_isr_entry
                0x0020032c                udp_isr_entry
 .text.uart_process_isr
                0x00200560       0x88 /cygdrive/c/cygwin/nxtOSEK/ecrobot/../ecrobot/libecrobot.a(uart.oram)
 .text.uart_isr_C_0
                0x002005e8        0xc /cygdrive/c/cygwin/nxtOSEK/ecrobot/../ecrobot/libecrobot.a(uart.oram)
                0x002005e8                uart_isr_C_0
 .text.uart_isr_C_1
                0x002005f4        0xc /cygdrive/c/cygwin/nxtOSEK/ecrobot/../ecrobot/libecrobot.a(uart.oram)
                0x002005f4                uart_isr_C_1
 .text.systick_low_priority_C
                0x00200600       0x1c /cygdrive/c/cygwin/nxtOSEK/ecrobot/../ecrobot/libecrobot.a(systick.oram)
                0x00200600                systick_low_priority_C
 .text.systick_isr_C
                0x0020061c       0x24 /cygdrive/c/cygwin/nxtOSEK/ecrobot/../ecrobot/libecrobot.a(systick.oram)
                0x0020061c                systick_isr_C
 .text.systick_get_ms
                0x00200640        0xc /cygdrive/c/cygwin/nxtOSEK/ecrobot/../ecrobot/libecrobot.a(systick.oram)
                0x00200640                systick_get_ms
 .text.systick_wait_ms
                0x0020064c       0x1c /cygdrive/c/cygwin/nxtOSEK/ecrobot/../ecrobot/libecrobot.a(systick.oram)
                0x0020064c                systick_wait_ms
 .text.systick_wait_ns
                0x00200668       0x1c /cygdrive/c/cygwin/nxtOSEK/ecrobot/../ecrobot/libecrobot.a(systick.oram)
                0x00200668                systick_wait_ns
 .text.systick_init
                0x00200684       0x58 /cygdrive/c/cygwin/nxtOSEK/ecrobot/../ecrobot/libecrobot.a(systick.oram)
                0x00200684                systick_init
 .text.systick_suspend
                0x002006dc        0xc /cygdrive/c/cygwin/nxtOSEK/ecrobot/../ecrobot/libecrobot.a(systick.oram)
                0x002006dc                systick_suspend
 .text.systick_resume
                0x002006e8        0xc /cygdrive/c/cygwin/nxtOSEK/ecrobot/../ecrobot/libecrobot.a(systick.oram)
                0x002006e8                systick_resume
 .text.byte_fifo_put
                0x002006f4       0x58 /cygdrive/c/cygwin/nxtOSEK/ecrobot/../ecrobot/libecrobot.a(byte_fifo.oram)
                0x002006f4                byte_fifo_put
 .text.byte_fifo_get
                0x0020074c       0x2c /cygdrive/c/cygwin/nxtOSEK/ecrobot/../ecrobot/libecrobot.a(byte_fifo.oram)
                0x0020074c                byte_fifo_get
 .text.aic_initialise
                0x00200778       0x5c /cygdrive/c/cygwin/nxtOSEK/ecrobot/../ecrobot/libecrobot.a(aic.oram)
                0x00200778                aic_initialise
 .text.aic_set_vector
                0x002007d4       0x30 /cygdrive/c/cygwin/nxtOSEK/ecrobot/../ecrobot/libecrobot.a(aic.oram)
                0x002007d4                aic_set_vector
 .text.aic_mask_on
                0x00200804       0x24 /cygdrive/c/cygwin/nxtOSEK/ecrobot/../ecrobot/libecrobot.a(aic.oram)
                0x00200804                aic_mask_on
 .text.aic_mask_off
                0x00200828       0x24 /cygdrive/c/cygwin/nxtOSEK/ecrobot/../ecrobot/libecrobot.a(aic.oram)
                0x00200828                aic_mask_off
 .text.aic_clear
                0x0020084c       0x24 /cygdrive/c/cygwin/nxtOSEK/ecrobot/../ecrobot/libecrobot.a(aic.oram)
                0x0020084c                aic_clear
 .text.reset    0x00200870       0x4c /cygdrive/c/cygwin/nxtOSEK/ecrobot/../ecrobot/libecrobot.a(udp.oram)
 .text.udp_send_null
                0x002008bc       0x2c /cygdrive/c/cygwin/nxtOSEK/ecrobot/../ecrobot/libecrobot.a(udp.oram)
 .text.udp_send_stall
                0x002008e8       0x2c /cygdrive/c/cygwin/nxtOSEK/ecrobot/../ecrobot/libecrobot.a(udp.oram)
 .text.udp_send_control
                0x00200914       0x60 /cygdrive/c/cygwin/nxtOSEK/ecrobot/../ecrobot/libecrobot.a(udp.oram)
 .text.udp_isr_C
                0x00200974      0x7d0 /cygdrive/c/cygwin/nxtOSEK/ecrobot/../ecrobot/libecrobot.a(udp.oram)
                0x00200974                udp_isr_C
 .text.twi_status
                0x00201144       0x20 /cygdrive/c/cygwin/nxtOSEK/ecrobot/../ecrobot/libecrobot.a(twi.oram)
                0x00201144                twi_status
 .text.twi_isr_C
                0x00201164       0xc4 /cygdrive/c/cygwin/nxtOSEK/ecrobot/../ecrobot/libecrobot.a(twi.oram)
                0x00201164                twi_isr_C
 .text.twi_reset
                0x00201228       0xb4 /cygdrive/c/cygwin/nxtOSEK/ecrobot/../ecrobot/libecrobot.a(twi.oram)
                0x00201228                twi_reset
 .text.twi_init
                0x002012dc       0x4c /cygdrive/c/cygwin/nxtOSEK/ecrobot/../ecrobot/libecrobot.a(twi.oram)
                0x002012dc                twi_init
 .text.twi_start_read
                0x00201328       0x60 /cygdrive/c/cygwin/nxtOSEK/ecrobot/../ecrobot/libecrobot.a(twi.oram)
                0x00201328                twi_start_read
 .text.twi_start_write
                0x00201388       0x64 /cygdrive/c/cygwin/nxtOSEK/ecrobot/../ecrobot/libecrobot.a(twi.oram)
                0x00201388                twi_start_write
 .text.spi_set_mode
                0x002013ec       0x40 /cygdrive/c/cygwin/nxtOSEK/ecrobot/../ecrobot/libecrobot.a(nxt_spi.oram)
 .text.spi_isr_C
                0x0020142c       0x8c /cygdrive/c/cygwin/nxtOSEK/ecrobot/../ecrobot/libecrobot.a(nxt_spi.oram)
                0x0020142c                spi_isr_C
 .text.nxt_spi_init
                0x002014b8      0x12c /cygdrive/c/cygwin/nxtOSEK/ecrobot/../ecrobot/libecrobot.a(nxt_spi.oram)
                0x002014b8                nxt_spi_init
 .text.nxt_spi_write
                0x002015e4       0x44 /cygdrive/c/cygwin/nxtOSEK/ecrobot/../ecrobot/libecrobot.a(nxt_spi.oram)
                0x002015e4                nxt_spi_write
 .text.nxt_spi_set_display
                0x00201628       0x10 /cygdrive/c/cygwin/nxtOSEK/ecrobot/../ecrobot/libecrobot.a(nxt_spi.oram)
                0x00201628                nxt_spi_set_display
 .text.nxt_spi_refresh
                0x00201638       0x24 /cygdrive/c/cygwin/nxtOSEK/ecrobot/../ecrobot/libecrobot.a(nxt_spi.oram)
                0x00201638                nxt_spi_refresh
 .text.nxt_motor_set_count
                0x0020165c       0x10 /cygdrive/c/cygwin/nxtOSEK/ecrobot/../ecrobot/libecrobot.a(nxt_motors.oram)
                0x0020165c                nxt_motor_set_count
 .text.nxt_motor_1kHz_process
                0x0020166c       0x28 /cygdrive/c/cygwin/nxtOSEK/ecrobot/../ecrobot/libecrobot.a(nxt_motors.oram)
                0x0020166c                nxt_motor_1kHz_process
 .text.nxt_motor_quad_decode
                0x00201694       0x30 /cygdrive/c/cygwin/nxtOSEK/ecrobot/../ecrobot/libecrobot.a(nxt_motors.oram)
                0x00201694                nxt_motor_quad_decode
 .text.nxt_motor_isr_C
                0x002016c4       0x88 /cygdrive/c/cygwin/nxtOSEK/ecrobot/../ecrobot/libecrobot.a(nxt_motors.oram)
                0x002016c4                nxt_motor_isr_C
 .text.nxt_motor_init
                0x0020174c       0x68 /cygdrive/c/cygwin/nxtOSEK/ecrobot/../ecrobot/libecrobot.a(nxt_motors.oram)
                0x0020174c                nxt_motor_init
 .text.data_abort_C
                0x002017b4       0x7c /cygdrive/c/cygwin/nxtOSEK/ecrobot/../ecrobot/libecrobot.a(data_abort.oram)
                0x002017b4                data_abort_C
 .text.display_update
                0x00201830       0x14 /cygdrive/c/cygwin/nxtOSEK/ecrobot/../ecrobot/libecrobot.a(display.oram)
                0x00201830                display_update
 .text.display_force_update
                0x00201844        0xc /cygdrive/c/cygwin/nxtOSEK/ecrobot/../ecrobot/libecrobot.a(display.oram)
                0x00201844                display_force_update
 .text.display_clear
                0x00201850       0x24 /cygdrive/c/cygwin/nxtOSEK/ecrobot/../ecrobot/libecrobot.a(display.oram)
                0x00201850                display_clear
 .text.display_goto_xy
                0x00201874       0x14 /cygdrive/c/cygwin/nxtOSEK/ecrobot/../ecrobot/libecrobot.a(display.oram)
                0x00201874                display_goto_xy
 .text.display_char
                0x00201888       0x60 /cygdrive/c/cygwin/nxtOSEK/ecrobot/../ecrobot/libecrobot.a(display.oram)
                0x00201888                display_char
 .text.display_string
                0x002018e8       0x3c /cygdrive/c/cygwin/nxtOSEK/ecrobot/../ecrobot/libecrobot.a(display.oram)
                0x002018e8                display_string
 .text.display_hex
                0x00201924       0x50 /cygdrive/c/cygwin/nxtOSEK/ecrobot/../ecrobot/libecrobot.a(display.oram)
                0x00201924                display_hex
 .text.display_unsigned_worker
                0x00201974       0x70 /cygdrive/c/cygwin/nxtOSEK/ecrobot/../ecrobot/libecrobot.a(display.oram)
 .text.display_unsigned
                0x002019e4        0xc /cygdrive/c/cygwin/nxtOSEK/ecrobot/../ecrobot/libecrobot.a(display.oram)
                0x002019e4                display_unsigned
 .text.display_bitmap_copy
                0x002019f0       0x5c /cygdrive/c/cygwin/nxtOSEK/ecrobot/../ecrobot/libecrobot.a(display.oram)
                0x002019f0                display_bitmap_copy
 .text.display_init
                0x00201a4c       0x50 /cygdrive/c/cygwin/nxtOSEK/ecrobot/../ecrobot/libecrobot.a(display.oram)
                0x00201a4c                display_init
 .text.i2c_timer_isr_C
                0x00201a9c      0x314 /cygdrive/c/cygwin/nxtOSEK/ecrobot/../ecrobot/libecrobot.a(i2c.oram)
                0x00201a9c                i2c_timer_isr_C
 .text.i2c_disable
                0x00201db0       0x20 /cygdrive/c/cygwin/nxtOSEK/ecrobot/../ecrobot/libecrobot.a(i2c.oram)
                0x00201db0                i2c_disable
 .text.i2c_init
                0x00201dd0       0xa4 /cygdrive/c/cygwin/nxtOSEK/ecrobot/../ecrobot/libecrobot.a(i2c.oram)
                0x00201dd0                i2c_init
 .text.sound_fill_sample_buffer
                0x00201e74       0xe4 /cygdrive/c/cygwin/nxtOSEK/ecrobot/../ecrobot/libecrobot.a(sound.oram)
                0x00201e74                sound_fill_sample_buffer
 .text.sound_init
                0x00201f58       0xa0 /cygdrive/c/cygwin/nxtOSEK/ecrobot/../ecrobot/libecrobot.a(sound.oram)
                0x00201f58                sound_init
 .text.sound_isr_C
                0x00201ff8      0x144 /cygdrive/c/cygwin/nxtOSEK/ecrobot/../ecrobot/libecrobot.a(sound.oram)
                0x00201ff8                sound_isr_C
 .text.bt_init  0x0020213c      0x1c0 /cygdrive/c/cygwin/nxtOSEK/ecrobot/../ecrobot/libecrobot.a(bt.oram)
                0x0020213c                bt_init
 .text.nxt_avr_power_down
                0x002022fc       0x10 /cygdrive/c/cygwin/nxtOSEK/ecrobot/../ecrobot/libecrobot.a(nxt_avr.oram)
                0x002022fc                nxt_avr_power_down
 .text.nxt_avr_link_init
                0x0020230c       0x20 /cygdrive/c/cygwin/nxtOSEK/ecrobot/../ecrobot/libecrobot.a(nxt_avr.oram)
                0x0020230c                nxt_avr_link_init
 .text.nxt_avr_init
                0x0020232c       0x6c /cygdrive/c/cygwin/nxtOSEK/ecrobot/../ecrobot/libecrobot.a(nxt_avr.oram)
                0x0020232c                nxt_avr_init
 .text.nxt_avr_1kHz_update
                0x00202398      0x1cc /cygdrive/c/cygwin/nxtOSEK/ecrobot/../ecrobot/libecrobot.a(nxt_avr.oram)
                0x00202398                nxt_avr_1kHz_update
 .text.buttons_get
                0x00202564        0xc /cygdrive/c/cygwin/nxtOSEK/ecrobot/../ecrobot/libecrobot.a(nxt_avr.oram)
                0x00202564                buttons_get
 .text.battery_voltage
                0x00202570       0x28 /cygdrive/c/cygwin/nxtOSEK/ecrobot/../ecrobot/libecrobot.a(nxt_avr.oram)
                0x00202570                battery_voltage
 .text.nxt_avr_set_input_power
                0x00202598       0x3c /cygdrive/c/cygwin/nxtOSEK/ecrobot/../ecrobot/libecrobot.a(nxt_avr.oram)
                0x00202598                nxt_avr_set_input_power
 .text.unset_digi0
                0x002025d4       0x44 /cygdrive/c/cygwin/nxtOSEK/ecrobot/../ecrobot/libecrobot.a(sensors.oram)
                0x002025d4                unset_digi0
 .text.unset_digi1
                0x00202618       0x44 /cygdrive/c/cygwin/nxtOSEK/ecrobot/../ecrobot/libecrobot.a(sensors.oram)
                0x00202618                unset_digi1
 .text.init_sensors
                0x0020265c       0x4c /cygdrive/c/cygwin/nxtOSEK/ecrobot/../ecrobot/libecrobot.a(sensors.oram)
                0x0020265c                init_sensors
 .text.nxt_lcd_command
                0x002026a8       0x18 /cygdrive/c/cygwin/nxtOSEK/ecrobot/../ecrobot/libecrobot.a(nxt_lcd.oram)
                0x002026a8                nxt_lcd_command
 .text.nxt_lcd_set_col
                0x002026c0       0x24 /cygdrive/c/cygwin/nxtOSEK/ecrobot/../ecrobot/libecrobot.a(nxt_lcd.oram)
                0x002026c0                nxt_lcd_set_col
 .text.nxt_lcd_set_multiplex_rate
                0x002026e4       0x18 /cygdrive/c/cygwin/nxtOSEK/ecrobot/../ecrobot/libecrobot.a(nxt_lcd.oram)
                0x002026e4                nxt_lcd_set_multiplex_rate
 .text.nxt_lcd_set_page_address
                0x002026fc       0x18 /cygdrive/c/cygwin/nxtOSEK/ecrobot/../ecrobot/libecrobot.a(nxt_lcd.oram)
                0x002026fc                nxt_lcd_set_page_address
 .text.nxt_lcd_set_pot
                0x00202714       0x1c /cygdrive/c/cygwin/nxtOSEK/ecrobot/../ecrobot/libecrobot.a(nxt_lcd.oram)
                0x00202714                nxt_lcd_set_pot
 .text.nxt_lcd_set_ram_address_control
                0x00202730       0x18 /cygdrive/c/cygwin/nxtOSEK/ecrobot/../ecrobot/libecrobot.a(nxt_lcd.oram)
                0x00202730                nxt_lcd_set_ram_address_control
 .text.nxt_lcd_enable
                0x00202748       0x14 /cygdrive/c/cygwin/nxtOSEK/ecrobot/../ecrobot/libecrobot.a(nxt_lcd.oram)
                0x00202748                nxt_lcd_enable
 .text.nxt_lcd_set_map_control
                0x0020275c       0x18 /cygdrive/c/cygwin/nxtOSEK/ecrobot/../ecrobot/libecrobot.a(nxt_lcd.oram)
                0x0020275c                nxt_lcd_set_map_control
 .text.nxt_lcd_reset
                0x00202774        0xc /cygdrive/c/cygwin/nxtOSEK/ecrobot/../ecrobot/libecrobot.a(nxt_lcd.oram)
                0x00202774                nxt_lcd_reset
 .text.nxt_lcd_set_bias_ratio
                0x00202780       0x18 /cygdrive/c/cygwin/nxtOSEK/ecrobot/../ecrobot/libecrobot.a(nxt_lcd.oram)
                0x00202780                nxt_lcd_set_bias_ratio
 .text.nxt_lcd_force_update
                0x00202798       0x30 /cygdrive/c/cygwin/nxtOSEK/ecrobot/../ecrobot/libecrobot.a(nxt_lcd.oram)
                0x00202798                nxt_lcd_force_update
 .text.nxt_lcd_update
                0x002027c8        0xc /cygdrive/c/cygwin/nxtOSEK/ecrobot/../ecrobot/libecrobot.a(nxt_lcd.oram)
                0x002027c8                nxt_lcd_update
 .text.nxt_lcd_power_up
                0x002027d4       0x48 /cygdrive/c/cygwin/nxtOSEK/ecrobot/../ecrobot/libecrobot.a(nxt_lcd.oram)
                0x002027d4                nxt_lcd_power_up
 .text.nxt_lcd_power_down
                0x0020281c        0xc /cygdrive/c/cygwin/nxtOSEK/ecrobot/../ecrobot/libecrobot.a(nxt_lcd.oram)
                0x0020281c                nxt_lcd_power_down
 .text.nxt_lcd_init
                0x00202828       0x18 /cygdrive/c/cygwin/nxtOSEK/ecrobot/../ecrobot/libecrobot.a(nxt_lcd.oram)
                0x00202828                nxt_lcd_init
 .text.verify_flash_page
                0x00202840       0x34 /cygdrive/c/cygwin/nxtOSEK/ecrobot/../ecrobot/libecrobot.a(flash_loader.oram)
 .text.set_flash_request
                0x00202874       0x38 /cygdrive/c/cygwin/nxtOSEK/ecrobot/../ecrobot/libecrobot.a(flash_loader.oram)
                0x00202874                set_flash_request
 .text.nxt_device_init
                0x002028ac       0x38 /cygdrive/c/cygwin/nxtOSEK/ecrobot/../ecrobot/libecrobot.a(flash_loader.oram)
                0x002028ac                nxt_device_init
 .text          0x002028e4       0x68 /cygdrive/c/cygwin/nxtOSEK/ecrobot/../ecrobot/libecrobot.a(interrupts.oram)
                0x0020293c                fiq_enable
                0x002028e4                interrupts_get_and_disable
                0x00202918                fiq_get_and_disable
                0x00202908                interrupts_enable
 .text.flash_write_page
                0x0020294c       0xc0 /cygdrive/c/cygwin/nxtOSEK/ecrobot/../ecrobot/libecrobot.a(flashprog.oram)
                0x0020294c                flash_write_page
                0x00202a10                . = ALIGN (0x10)
 *fill*         0x00202a0c        0x4 00
 *.oram(*.rodata *.rodata.*)
 .rodata.ld     0x00202a10        0x4 /cygdrive/c/cygwin/nxtOSEK/ecrobot/../ecrobot/libecrobot.a(udp.oram)
 .rodata.cfd    0x00202a14       0x20 /cygdrive/c/cygwin/nxtOSEK/ecrobot/../ecrobot/libecrobot.a(udp.oram)
 .rodata.dd     0x00202a34       0x12 /cygdrive/c/cygwin/nxtOSEK/ecrobot/../ecrobot/libecrobot.a(udp.oram)
 *fill*         0x00202a46        0x2 00
 .rodata.str1.4
                0x00202a48       0x22 /cygdrive/c/cygwin/nxtOSEK/ecrobot/../ecrobot/libecrobot.a(data_abort.oram)
                                 0x24 (size before relaxing)
 .rodata.font   0x00202a6a      0x280 /cygdrive/c/cygwin/nxtOSEK/ecrobot/../ecrobot/libecrobot.a(display.oram)
 *fill*         0x00202cea        0x2 00
 .rodata.str1.4
                0x00202cec       0x76 /cygdrive/c/cygwin/nxtOSEK/ecrobot/../ecrobot/libecrobot.a(display.oram)
                                 0x78 (size before relaxing)
 *fill*         0x00202d62        0x2 00
 .rodata.i2c_pin
                0x00202d64       0x20 /cygdrive/c/cygwin/nxtOSEK/ecrobot/../ecrobot/libecrobot.a(i2c.oram)
 .rodata.i2c_timer_isr_C
                0x00202d84       0x38 /cygdrive/c/cygwin/nxtOSEK/ecrobot/../ecrobot/libecrobot.a(i2c.oram)
 .rodata.silence
                0x00202dbc       0x40 /cygdrive/c/cygwin/nxtOSEK/ecrobot/../ecrobot/libecrobot.a(sound.oram)
                0x00202dbc                silence
 .rodata.sample_pattern
                0x00202dfc       0x84 /cygdrive/c/cygwin/nxtOSEK/ecrobot/../ecrobot/libecrobot.a(sound.oram)
                0x00202dfc                sample_pattern
 .rodata        0x00202e80        0xc /cygdrive/c/cygwin/nxtOSEK/ecrobot/../ecrobot/libecrobot.a(sound.oram)
 .rodata.avr_brainwash_string
                0x00202e8c       0x30 /cygdrive/c/cygwin/nxtOSEK/ecrobot/../ecrobot/libecrobot.a(nxt_avr.oram)
                0x00202e8c                avr_brainwash_string
 .rodata.nxt_avr_1kHz_update
                0x00202ebc       0x14 /cygdrive/c/cygwin/nxtOSEK/ecrobot/../ecrobot/libecrobot.a(nxt_avr.oram)
 .rodata.C.33.1823
                0x00202ed0       0x10 /cygdrive/c/cygwin/nxtOSEK/ecrobot/../ecrobot/libecrobot.a(sensors.oram)
 .rodata.C.37.1857
                0x00202ee0       0x10 /cygdrive/c/cygwin/nxtOSEK/ecrobot/../ecrobot/libecrobot.a(sensors.oram)
 .rodata.str1.4
                0x00202ef0       0x23 /cygdrive/c/cygwin/nxtOSEK/ecrobot/../ecrobot/libecrobot.a(flash_loader.oram)
                                 0x24 (size before relaxing)
                0x00202f20                . = ALIGN (0x10)
 *fill*         0x00202f13        0xd 00
                0x00200040                __ramtext_ram_start__ = ADDR (.ram_text)
                0x00202f20                __ramtext_ram_end__ = (ADDR (.ram_text) + SIZEOF (.ram_text))
                0x001082c0                __ramtext_load_start__ = LOADADDR (.ram_text)
                0x0010b1a0                __ramtext_load_end__ = (__ramtext_load_start__ + SIZEOF (.ram_text))

.wav_data       0x0010b1a0        0x0
 *.owav(*.data *.data.*)
                0x0010b1a0                . = ALIGN (0x10)

.bmp_data       0x0010b1a0      0x440
 *.obmp(*.data *.data.*)
 .data          0x0010b1a0      0x43e /cygdrive/c/cygwin/nxtOSEK/ecrobot/../ecrobot/libecrobot.a(nxtosek_splash.obmp)
                0x0010b1a0                nxtosek_splash_bmp_start
                0x0010b5de                nxtosek_splash_bmp_end
                0x0010b5e0                . = ALIGN (0x10)
 *fill*         0x0010b5de        0x2 00

.spr_data       0x0010b5e0        0x0
 *.ospr(*.data *.data.*)
                0x0010b5e0                . = ALIGN (0x10)

.data           0x00202f20       0x60 load address 0x0010b5e0
 *(*.data *.data.*)
 .data.deviceStatus
                0x00202f20        0x1 /cygdrive/c/cygwin/nxtOSEK/ecrobot/../ecrobot/libecrobot.a(ecrobot_interface.o)
 .data.named    0x00202f21       0x22 /cygdrive/c/cygwin/nxtOSEK/ecrobot/../ecrobot/libecrobot.a(udp.oram)
 .data.snd      0x00202f43       0x1a /cygdrive/c/cygwin/nxtOSEK/ecrobot/../ecrobot/libecrobot.a(udp.oram)
 *fill*         0x00202f5d        0x3 00
 .data.configured
                0x00202f60        0x4 /cygdrive/c/cygwin/nxtOSEK/ecrobot/../ecrobot/libecrobot.a(udp.oram)
 .data.mode     0x00202f64        0x1 /cygdrive/c/cygwin/nxtOSEK/ecrobot/../ecrobot/libecrobot.a(nxt_spi.oram)
                0x00202f64                mode
 *fill*         0x00202f65        0x3 00
 .bss.data      0x00202f68        0x4 /cygdrive/c/cygwin/nxtOSEK/ecrobot/../ecrobot/libecrobot.a(nxt_spi.oram)
                0x00202f68                data
 .data.display_auto_update
                0x00202f6c        0x4 /cygdrive/c/cygwin/nxtOSEK/ecrobot/../ecrobot/libecrobot.a(display.oram)
                0x00202f6c                display_auto_update
 .data.display_buffer
                0x00202f70        0x4 /cygdrive/c/cygwin/nxtOSEK/ecrobot/../ecrobot/libecrobot.a(display.oram)
                0x00202f80                . = ALIGN (0x10)
 *fill*         0x00202f74        0xc 00
                0x00202f20                __data_ram_start__ = ADDR (.data)
                0x00202f80                __data_ram_end__ = (ADDR (.data) + SIZEOF (.data))
                0x0010b5e0                __data_load_start__ = LOADADDR (.data)
                0x0010b640                __data_load_end__ = (__data_load_start__ + SIZEOF (.data))

.text           0x0010b640     0x12e0
                0x0010b640                . = ALIGN (0x10)
 *(*.text *.text.* *.glue*)
 .text.enqueue_alarm
                0x0010b640       0xc8 build/kernel/alarm.o
 .text.alarm_initialize
                0x0010b708       0xb4 build/kernel/alarm.o
                0x0010b708                alarm_initialize
 .text.SignalCounter
                0x0010b7bc      0x160 build/kernel/alarm.o
                0x0010b7bc                SignalCounter
 .text.SetEvent
                0x0010b91c       0xb0 build/kernel/event.o
                0x0010b91c                SetEvent
 .text.StartOS  0x0010b9cc       0x58 build/kernel/osctl.o
                0x0010b9cc                StartOS
 .text.ShutdownOS
                0x0010ba24       0x4c build/kernel/osctl.o
                0x0010ba24                ShutdownOS
 .text.call_pretaskhook
                0x0010ba70       0x24 build/kernel/osctl.o
                0x0010ba70                call_pretaskhook
 .text.call_errorhook
                0x0010ba94       0x78 build/kernel/osctl.o
                0x0010ba94                call_errorhook
 .text.call_posttaskhook
                0x0010bb0c       0x24 build/kernel/osctl.o
                0x0010bb0c                call_posttaskhook
 .text.resource_initialize
                0x0010bb30       0x28 build/kernel/resource.o
                0x0010bb30                resource_initialize
 .text.make_runnable
                0x0010bb58       0xac build/kernel/task.o
                0x0010bb58                make_runnable
 .text.make_active
                0x0010bc04       0x78 build/kernel/task.o
                0x0010bc04                make_active
 .text.task_initialize
                0x0010bc7c       0xac build/kernel/task.o
                0x0010bc7c                task_initialize
 .text.ActivateTask
                0x0010bd28       0x94 build/kernel/task_manage.o
                0x0010bd28                ActivateTask
 .text.cpu_initialize
                0x0010bdbc        0x4 build/config/at91sam7s-gnu/cpu_config.o
                0x0010bdbc                cpu_initialize
 .text.cpu_terminate
                0x0010bdc0        0x4 build/config/at91sam7s-gnu/cpu_config.o
                0x0010bdc0                cpu_terminate
 .text.sys_initialize
                0x0010bdc4        0x4 build/config/at91sam7s-gnu/lego_nxt/sys_config.o
                0x0010bdc4                sys_initialize
 .text.sys_exit
                0x0010bdc8        0x4 build/config/at91sam7s-gnu/lego_nxt/sys_config.o
                0x0010bdc8                sys_exit
 .text._activate_alarm_cyclic_alarm1
                0x0010bdcc        0xc build/./kernel_cfg.o
 .text._activate_alarm_cyclic_alarm3
                0x0010bdd8        0xc build/./kernel_cfg.o
 .text.object_initialize
                0x0010bde4       0x14 build/./kernel_cfg.o
                0x0010bde4                object_initialize
 .text.init_OS_flag
                0x0010bdf8        0xc build/ecrobot_base.o
                0x0010bdf8                init_OS_flag
 .text.set_OS_flag
                0x0010be04        0xc build/ecrobot_base.o
                0x0010be04                set_OS_flag
 .text.get_OS_flag
                0x0010be10        0xc build/ecrobot_base.o
                0x0010be10                get_OS_flag
 .text.cpp_constructor
                0x0010be1c       0x30 build/ecrobot_base.o
                0x0010be1c                cpp_constructor
 .text.cpp_destructor
                0x0010be4c       0x30 build/ecrobot_base.o
                0x0010be4c                cpp_destructor
 .text.execution_mode
                0x0010be7c       0x24 build/ecrobot_base.o
                0x0010be7c                execution_mode
 .text.show_splash_screen
                0x0010bea0       0x88 build/ecrobot_base.o
                0x0010bea0                show_splash_screen
 .text.show_main_screen
                0x0010bf28       0x48 build/ecrobot_base.o
                0x0010bf28                show_main_screen
 .text.display_status_bar
                0x0010bf70       0x5c build/ecrobot_base.o
                0x0010bf70                display_status_bar
 .text.add_status_info
                0x0010bfcc       0x74 build/ecrobot_base.o
                0x0010bfcc                add_status_info
 .text.restart_NXT
                0x0010c040       0x2c build/ecrobot_base.o
                0x0010c040                restart_NXT
 .text.shutdown_NXT
                0x0010c06c       0x2c build/ecrobot_base.o
                0x0010c06c                shutdown_NXT
 .text.check_NXT_buttons
                0x0010c098       0x3c build/ecrobot_base.o
                0x0010c098                check_NXT_buttons
 .text.main     0x0010c0d4      0x114 build/ecrobot.o
                0x0010c0d4                main
 .text.user_1ms_isr_type2
                0x0010c1e8       0x60 /cygdrive/c/cygwin/nxtOSEK/ecrobot/../c++/liblejososek.a(timerint.o)
                0x0010c1e8                user_1ms_isr_type2
 .text.ecrobot_device_initialize
                0x0010c248        0x4 /cygdrive/c/cygwin/nxtOSEK/ecrobot/../ecrobot/libecrobot.a(ecrobot_device_hook.o)
                0x0010c248                ecrobot_device_initialize
 .text.ecrobot_device_terminate
                0x0010c24c        0x4 /cygdrive/c/cygwin/nxtOSEK/ecrobot/../ecrobot/libecrobot.a(ecrobot_device_hook.o)
                0x0010c24c                ecrobot_device_terminate
 .text.ecrobot_get_battery_voltage
                0x0010c250        0xc /cygdrive/c/cygwin/nxtOSEK/ecrobot/../ecrobot/libecrobot.a(ecrobot_interface.o)
                0x0010c250                ecrobot_get_battery_voltage
 .text.ecrobot_get_button_state
                0x0010c25c        0xc /cygdrive/c/cygwin/nxtOSEK/ecrobot/../ecrobot/libecrobot.a(ecrobot_interface.o)
                0x0010c25c                ecrobot_get_button_state
 .text.ecrobot_init_nxtstate
                0x0010c268       0x28 /cygdrive/c/cygwin/nxtOSEK/ecrobot/../ecrobot/libecrobot.a(ecrobot_interface.o)
                0x0010c268                ecrobot_init_nxtstate
 .text.ecrobot_poll_nxtstate
                0x0010c290       0x64 /cygdrive/c/cygwin/nxtOSEK/ecrobot/../ecrobot/libecrobot.a(ecrobot_interface.o)
                0x0010c290                ecrobot_poll_nxtstate
 .text.ecrobot_setDeviceInitialized
                0x0010c2f4       0x18 /cygdrive/c/cygwin/nxtOSEK/ecrobot/../ecrobot/libecrobot.a(ecrobot_interface.o)
                0x0010c2f4                ecrobot_setDeviceInitialized
 .text.ecrobot_initDeviceStatus
                0x0010c30c        0xc /cygdrive/c/cygwin/nxtOSEK/ecrobot/../ecrobot/libecrobot.a(ecrobot_interface.o)
                0x0010c30c                ecrobot_initDeviceStatus
 .text.ecrobot_bmp2lcd
                0x0010c318      0x1c8 /cygdrive/c/cygwin/nxtOSEK/ecrobot/../ecrobot/libecrobot.a(ecrobot_interface.o)
                0x0010c318                ecrobot_bmp2lcd
 .text.StartupHook
                0x0010c4e0        0x4 /cygdrive/c/cygwin/nxtOSEK/ecrobot/../ecrobot/libecrobot.a(osek_hook.o)
                0x0010c4e0                StartupHook
 .text.PreTaskHook
                0x0010c4e4        0x4 /cygdrive/c/cygwin/nxtOSEK/ecrobot/../ecrobot/libecrobot.a(osek_hook.o)
                0x0010c4e4                PreTaskHook
 .text.PostTaskHook
                0x0010c4e8        0x4 /cygdrive/c/cygwin/nxtOSEK/ecrobot/../ecrobot/libecrobot.a(osek_hook.o)
                0x0010c4e8                PostTaskHook
 .text.ErrorHook
                0x0010c4ec        0x4 /cygdrive/c/cygwin/nxtOSEK/ecrobot/../ecrobot/libecrobot.a(osek_hook.o)
                0x0010c4ec                ErrorHook
 .text.ShutdownHook
                0x0010c4f0        0x4 /cygdrive/c/cygwin/nxtOSEK/ecrobot/../ecrobot/libecrobot.a(osek_hook.o)
                0x0010c4f0                ShutdownHook
 .text          0x0010c4f4       0x8c /cygdrive/C/cygwin/GNUARM/bin/../lib/gcc/arm-elf/4.0.2/thumb/interwork/libgcc.a(_udivsi3.o)
                0x0010c4f4                __udivsi3
                0x0010c570                __aeabi_uidivmod
 .text          0x0010c580       0xc8 /cygdrive/C/cygwin/GNUARM/bin/../lib/gcc/arm-elf/4.0.2/thumb/interwork/libgcc.a(_umodsi3.o)
                0x0010c580                __umodsi3
 .text          0x0010c648        0x4 /cygdrive/C/cygwin/GNUARM/bin/../lib/gcc/arm-elf/4.0.2/thumb/interwork/libgcc.a(_dvmd_tls.o)
                0x0010c648                __aeabi_ldiv0
                0x0010c648                __div0
                0x0010c648                __aeabi_idiv0
 .text          0x0010c64c       0x68 /cygdrive/C/cygwin/GNUARM/bin/../lib/gcc/arm-elf/4.0.2/../../../../arm-elf/lib/thumb/interwork/libc.a(memset.o)
                0x0010c64c                memset
 .text          0x0010c6b4       0x60 /cygdrive/C/cygwin/GNUARM/bin/../lib/gcc/arm-elf/4.0.2/../../../../arm-elf/lib/thumb/interwork/libc.a(strcpy.o)
                0x0010c6b4                strcpy
 .text          0x0010c714       0x48 /cygdrive/C/cygwin/GNUARM/bin/../lib/gcc/arm-elf/4.0.2/../../../../arm-elf/lib/thumb/interwork/libc.a(strlen.o)
                0x0010c714                strlen
 .glue_7        0x0010c75c       0x30 /cygdrive/C/cygwin/GNUARM/bin/../lib/gcc/arm-elf/4.0.2/../../../../arm-elf/lib/thumb/interwork/libc.a(strncpy.o)
                0x0010c774                __call_posttaskhook_from_arm
                0x0010c75d                __ecrobot_debug1_from_arm
                0x0010c769                __ecrobot_debug2_from_arm
                0x0010c780                __call_pretaskhook_from_arm
 .glue_7t       0x0010c78c       0x98 /cygdrive/C/cygwin/GNUARM/bin/../lib/gcc/arm-elf/4.0.2/../../../../arm-elf/lib/thumb/interwork/libc.a(strncpy.o)
                0x0010c7b8                __start_change_to_arm
                0x0010c80c                __interrupts_get_and_disable_from_thumb
                0x0010c805                ____gtdf2_from_thumb
                0x0010c7ad                __exit_and_dispatch_from_thumb
                0x0010c7e8                ____fixsfsi_change_to_arm
                0x0010c7e0                ____addsf3_change_to_arm
                0x0010c7e5                ____fixsfsi_from_thumb
                0x0010c7b0                __exit_and_dispatch_change_to_arm
                0x0010c78c                __disable_int_from_thumb
                0x0010c7c5                __Motor_set_speed_from_thumb
                0x0010c7a4                __start_dispatch_from_thumb
                0x0010c7b4                __start_from_thumb
                0x0010c800                ____muldf3_change_to_arm
                0x0010c7bd                __Motor_get_count_from_thumb
                0x0010c7c0                __Motor_get_count_change_to_arm
                0x0010c7d0                __SelfBalance_init_change_to_arm
                0x0010c794                __enable_int_from_thumb
                0x0010c79c                __dispatch_from_thumb
                0x0010c818                __interrupts_enable_change_to_arm
                0x0010c810                __interrupts_get_and_disable_change_to_arm
                0x0010c7a0                __dispatch_change_to_arm
                0x0010c808                ____gtdf2_change_to_arm
                0x0010c7c8                __Motor_set_speed_change_to_arm
                0x0010c7f5                ____floatsidf_from_thumb
                0x0010c81d                __display_bios_status_from_thumb
                0x0010c7ed                ____subsf3_from_thumb
                0x0010c790                __disable_int_change_to_arm
                0x0010c7d5                __SelfBalance_control_from_thumb
                0x0010c7dd                ____addsf3_from_thumb
                0x0010c7fd                ____muldf3_from_thumb
                0x0010c7f0                ____subsf3_change_to_arm
                0x0010c7d8                __SelfBalance_control_change_to_arm
                0x0010c798                __enable_int_change_to_arm
                0x0010c7f8                ____floatsidf_change_to_arm
                0x0010c814                __interrupts_enable_from_thumb
                0x0010c820                __display_bios_status_change_to_arm
                0x0010c7a8                __start_dispatch_change_to_arm
                0x0010c7cd                __SelfBalance_init_from_thumb
                0x0010c830                . = ALIGN (0x10)
 *fill*         0x0010c824        0xc 00
 *(*.rodata *.rodata.*)
 .rodata.alminib_cycle
                0x0010c830        0x8 build/./kernel_cfg.o
                0x0010c830                alminib_cycle
 .rodata.alminib_almval
                0x0010c838        0x8 build/./kernel_cfg.o
                0x0010c838                alminib_almval
 .rodata.alminib_autosta
                0x0010c840        0x2 build/./kernel_cfg.o
                0x0010c840                alminib_autosta
 *fill*         0x0010c842        0x2 00
 .rodata.alminib_cback
                0x0010c844        0x8 build/./kernel_cfg.o
                0x0010c844                alminib_cback
 .rodata.alminib_cntid
                0x0010c84c        0x2 build/./kernel_cfg.o
                0x0010c84c                alminib_cntid
 *fill*         0x0010c84e        0x2 00
 .rodata.cntinib_tickbase
                0x0010c850        0x4 build/./kernel_cfg.o
                0x0010c850                cntinib_tickbase
 .rodata.cntinib_maxval2
                0x0010c854        0x4 build/./kernel_cfg.o
                0x0010c854                cntinib_maxval2
 .rodata.cntinib_maxval
                0x0010c858        0x4 build/./kernel_cfg.o
                0x0010c858                cntinib_maxval
 .rodata.tinib_stksz
                0x0010c85c        0x6 build/./kernel_cfg.o
                0x0010c85c                tinib_stksz
 *fill*         0x0010c862        0x2 00
 .rodata.tinib_stk
                0x0010c864        0xc build/./kernel_cfg.o
                0x0010c864                tinib_stk
 .rodata.tinib_task
                0x0010c870        0xc build/./kernel_cfg.o
                0x0010c870                tinib_task
 .rodata.tinib_autoact
                0x0010c87c        0x3 build/./kernel_cfg.o
                0x0010c87c                tinib_autoact
 .rodata.tinib_maxact
                0x0010c87f        0x3 build/./kernel_cfg.o
                0x0010c87f                tinib_maxact
 .rodata.tinib_exepri
                0x0010c882        0x3 build/./kernel_cfg.o
                0x0010c882                tinib_exepri
 .rodata.tinib_inipri
                0x0010c885        0x3 build/./kernel_cfg.o
                0x0010c885                tinib_inipri
 .rodata.tnum_exttask
                0x0010c888        0x1 build/./kernel_cfg.o
                0x0010c888                tnum_exttask
 .rodata.tnum_task
                0x0010c889        0x1 build/./kernel_cfg.o
                0x0010c889                tnum_task
 .rodata.tnum_resource
                0x0010c88a        0x1 build/./kernel_cfg.o
                0x0010c88a                tnum_resource
 .rodata.tnum_counter
                0x0010c88b        0x1 build/./kernel_cfg.o
                0x0010c88b                tnum_counter
 .rodata.tnum_alarm
                0x0010c88c        0x1 build/./kernel_cfg.o
                0x0010c88c                tnum_alarm
 *fill*         0x0010c88d        0x3 00
 .rodata.exec_addr
                0x0010c890        0x4 build/ecrobot_base.o
                0x0010c890                exec_addr
 .rodata.str1.4
                0x0010c894       0x80 build/ecrobot_base.o
                0x0010c920                . = ALIGN (0x10)
 *fill*         0x0010c914        0xc 00
 *(*.gnu.linkonce.* .gcc_except_table)
                0x0010c920                . = ALIGN (0x10)

.tors           0x0010c920        0x0
                0x0010c920                . = ALIGN (0x10)
                0x0010c920                __ctor_begin = .
 *(*.ctors*)
                0x0010c920                __ctor_end = .
                0x0010c920                . = ALIGN (0x10)
                0x0010c920                __dtor_begin = .
 *(*.dtors*)
                0x0010c920                __dtor_end = .
                0x0010c920                . = ALIGN (0x10)
                0x0010c920                __rom_end__ = __dtor_end

.bss            0x00202f80     0x1464
 *(*.bss *.bss.*)
 .bss.ready_primap
                0x00202f80        0x2 build/kernel/task.o
 .bss.ready_queue_last
                0x00202f82       0x10 build/kernel/task.o
 .bss.ready_queue_first
                0x00202f92       0x10 build/kernel/task.o
 *fill*         0x00202fa2        0x2 00
 .bss._stack_UI
                0x00202fa4      0x200 build/./kernel_cfg.o
 .bss._stack_INITIALIZE
                0x002031a4      0x200 build/./kernel_cfg.o
 .bss._stack_ActionTask
                0x002033a4      0x200 build/./kernel_cfg.o
 .bss.status_bar_position
                0x002035a4        0x4 build/ecrobot_base.o
 .bss.lcd.2674  0x002035a8      0x320 build/ecrobot_base.o
 .bss.last_act_time.2745
                0x002038c8        0x4 build/ecrobot_base.o
 .bss.OS_flag   0x002038cc        0x4 build/ecrobot_base.o
 .bss.status_bar
                0x002038d0       0x10 build/ecrobot_base.o
 .bss.isSleeping
                0x002038e0        0x8 /cygdrive/c/cygwin/nxtOSEK/ecrobot/../c++/liblejososek.a(sleep.o)
                0x002038e0                isSleeping
 .bss.sleepCounter
                0x002038e8       0x20 /cygdrive/c/cygwin/nxtOSEK/ecrobot/../c++/liblejososek.a(sleep.o)
                0x002038e8                sleepCounter
 .bss.sleeperID
                0x00203908        0x8 /cygdrive/c/cygwin/nxtOSEK/ecrobot/../c++/liblejososek.a(sleep.o)
                0x00203908                sleeperID
 .bss.buttons_i
                0x00203910        0x4 /cygdrive/c/cygwin/nxtOSEK/ecrobot/../ecrobot/libecrobot.a(ecrobot_interface.o)
 .bss.buttons_states
                0x00203914       0x14 /cygdrive/c/cygwin/nxtOSEK/ecrobot/../ecrobot/libecrobot.a(ecrobot_interface.o)
 .bss.ecrobot_inputs
                0x00203928        0x8 /cygdrive/c/cygwin/nxtOSEK/ecrobot/../ecrobot/libecrobot.a(ecrobot_interface.o)
 .bss.systick_ms
                0x00203930        0x4 /cygdrive/c/cygwin/nxtOSEK/ecrobot/../ecrobot/libecrobot.a(systick.oram)
 .bss.delayedEnable
                0x00203934        0x1 /cygdrive/c/cygwin/nxtOSEK/ecrobot/../ecrobot/libecrobot.a(udp.oram)
 *fill*         0x00203935        0x3 00
 .bss.outCnt    0x00203938        0x4 /cygdrive/c/cygwin/nxtOSEK/ecrobot/../ecrobot/libecrobot.a(udp.oram)
 .bss.outPtr    0x0020393c        0x4 /cygdrive/c/cygwin/nxtOSEK/ecrobot/../ecrobot/libecrobot.a(udp.oram)
 .bss.newAddress
                0x00203940        0x4 /cygdrive/c/cygwin/nxtOSEK/ecrobot/../ecrobot/libecrobot.a(udp.oram)
 .bss.currentRxBank
                0x00203944        0x4 /cygdrive/c/cygwin/nxtOSEK/ecrobot/../ecrobot/libecrobot.a(udp.oram)
 .bss.currentFeatures
                0x00203948        0x4 /cygdrive/c/cygwin/nxtOSEK/ecrobot/../ecrobot/libecrobot.a(udp.oram)
 .bss.currentConfig
                0x0020394c        0x1 /cygdrive/c/cygwin/nxtOSEK/ecrobot/../ecrobot/libecrobot.a(udp.oram)
 *fill*         0x0020394d        0x3 00
 .bss.twi_mask  0x00203950        0x4 /cygdrive/c/cygwin/nxtOSEK/ecrobot/../ecrobot/libecrobot.a(twi.oram)
 .bss.twi_ptr   0x00203954        0x4 /cygdrive/c/cygwin/nxtOSEK/ecrobot/../ecrobot/libecrobot.a(twi.oram)
 .bss.twi_pending
                0x00203958        0x4 /cygdrive/c/cygwin/nxtOSEK/ecrobot/../ecrobot/libecrobot.a(twi.oram)
 .bss.twi_state
                0x0020395c        0x4 /cygdrive/c/cygwin/nxtOSEK/ecrobot/../ecrobot/libecrobot.a(twi.oram)
 .bss.page      0x00203960        0x1 /cygdrive/c/cygwin/nxtOSEK/ecrobot/../ecrobot/libecrobot.a(nxt_spi.oram)
                0x00203960                page
 .bss.dirty     0x00203961        0x1 /cygdrive/c/cygwin/nxtOSEK/ecrobot/../ecrobot/libecrobot.a(nxt_spi.oram)
                0x00203961                dirty
 *fill*         0x00203962        0x2 00
 .bss.display   0x00203964        0x4 /cygdrive/c/cygwin/nxtOSEK/ecrobot/../ecrobot/libecrobot.a(nxt_spi.oram)
                0x00203964                display
 .bss.interrupts_this_period
                0x00203968        0x4 /cygdrive/c/cygwin/nxtOSEK/ecrobot/../ecrobot/libecrobot.a(nxt_motors.oram)
 .bss.nxt_motor_initialised
                0x0020396c        0x4 /cygdrive/c/cygwin/nxtOSEK/ecrobot/../ecrobot/libecrobot.a(nxt_motors.oram)
 .bss.motor     0x00203970       0x30 /cygdrive/c/cygwin/nxtOSEK/ecrobot/../ecrobot/libecrobot.a(nxt_motors.oram)
 .bss.display_tick
                0x002039a0        0x4 /cygdrive/c/cygwin/nxtOSEK/ecrobot/../ecrobot/libecrobot.a(display.oram)
                0x002039a0                display_tick
 .bss.display_array
                0x002039a4      0x388 /cygdrive/c/cygwin/nxtOSEK/ecrobot/../ecrobot/libecrobot.a(display.oram)
 .bss.i2c_int_count
                0x00203d2c        0x4 /cygdrive/c/cygwin/nxtOSEK/ecrobot/../ecrobot/libecrobot.a(i2c.oram)
 .bss.i2c_port  0x00203d30      0x170 /cygdrive/c/cygwin/nxtOSEK/ecrobot/../ecrobot/libecrobot.a(i2c.oram)
 .bss.sound_mode
                0x00203ea0        0x1 /cygdrive/c/cygwin/nxtOSEK/ecrobot/../ecrobot/libecrobot.a(sound.oram)
                0x00203ea0                sound_mode
 *fill*         0x00203ea1        0x3 00
 .bss.in_buf_idx
                0x00203ea4        0x4 /cygdrive/c/cygwin/nxtOSEK/ecrobot/../ecrobot/libecrobot.a(bt.oram)
 .bss.buf_ptr   0x00203ea8        0x4 /cygdrive/c/cygwin/nxtOSEK/ecrobot/../ecrobot/libecrobot.a(bt.oram)
 .bss.out_buf_ptr
                0x00203eac        0x1 /cygdrive/c/cygwin/nxtOSEK/ecrobot/../ecrobot/libecrobot.a(bt.oram)
 .bss.in_buf_in_ptr
                0x00203ead        0x1 /cygdrive/c/cygwin/nxtOSEK/ecrobot/../ecrobot/libecrobot.a(bt.oram)
 .bss.in_buf    0x00203eae      0x100 /cygdrive/c/cygwin/nxtOSEK/ecrobot/../ecrobot/libecrobot.a(bt.oram)
 *fill*         0x00203fae        0x2 00
 .bss.link_state
                0x00203fb0        0x4 /cygdrive/c/cygwin/nxtOSEK/ecrobot/../ecrobot/libecrobot.a(nxt_avr.oram)
 .bss.update_count
                0x00203fb4        0x4 /cygdrive/c/cygwin/nxtOSEK/ecrobot/../ecrobot/libecrobot.a(nxt_avr.oram)
 .bss.nxt_avr_stats
                0x00203fb8       0x14 /cygdrive/c/cygwin/nxtOSEK/ecrobot/../ecrobot/libecrobot.a(nxt_avr.oram)
 .bss.debounce_cnt
                0x00203fcc        0x2 /cygdrive/c/cygwin/nxtOSEK/ecrobot/../ecrobot/libecrobot.a(nxt_avr.oram)
 .bss.debounce_state
                0x00203fce        0x2 /cygdrive/c/cygwin/nxtOSEK/ecrobot/../ecrobot/libecrobot.a(nxt_avr.oram)
 .bss.button_state
                0x00203fd0        0x2 /cygdrive/c/cygwin/nxtOSEK/ecrobot/../ecrobot/libecrobot.a(nxt_avr.oram)
 .bss.prev_buttons
                0x00203fd2        0x2 /cygdrive/c/cygwin/nxtOSEK/ecrobot/../ecrobot/libecrobot.a(nxt_avr.oram)
 .bss.from_buf  0x00203fd4        0x4 /cygdrive/c/cygwin/nxtOSEK/ecrobot/../ecrobot/libecrobot.a(nxt_avr.oram)
 .bss.io_from_avr
                0x00203fd8        0x4 /cygdrive/c/cygwin/nxtOSEK/ecrobot/../ecrobot/libecrobot.a(nxt_avr.oram)
 .bss.data_from_avr
                0x00203fdc       0x1a /cygdrive/c/cygwin/nxtOSEK/ecrobot/../ecrobot/libecrobot.a(nxt_avr.oram)
 .bss.data_to_avr
                0x00203ff6        0x9 /cygdrive/c/cygwin/nxtOSEK/ecrobot/../ecrobot/libecrobot.a(nxt_avr.oram)
 .bss.io_to_avr
                0x00203fff        0x8 /cygdrive/c/cygwin/nxtOSEK/ecrobot/../ecrobot/libecrobot.a(nxt_avr.oram)
 *fill*         0x00204007        0x1 00
 .bss.display   0x00204008        0x4 /cygdrive/c/cygwin/nxtOSEK/ecrobot/../ecrobot/libecrobot.a(nxt_lcd.oram)
                0x00204010                . = ALIGN (0x10)
 *fill*         0x0020400c        0x4 00
                0x00204010                __bss_end__ = .
 COMMON         0x00204010        0x2 build/kernel/interrupt.o
                0x00204010                runisr
                0x00204011                sus_all_cnt
 *fill*         0x00204012        0x2 00
 COMMON         0x00204014       0x10 build/kernel/osctl.o
                0x00204014                callevel
                0x00204015                _errorhook_svcid
                0x00204016                appmode
                0x00204018                _errorhook_par1
                0x0020401c                _errorhook_par3
                0x00204020                _errorhook_par2
 COMMON         0x00204024        0x3 build/kernel/task.o
                0x00204024                runtsk
                0x00204025                schedtsk
                0x00204026                nextpri
 *fill*         0x00204027        0x1 00
 COMMON         0x00204028       0x50 build/./kernel_cfg.o
                0x00204028                tcb_waievt
                0x0020402c                rescb_prevpri
                0x0020402d                almcb_prev
                0x0020402f                tcb_lastres
                0x00204034                almcb_almval
                0x0020403c                tcxb_pc
                0x00204048                tcb_next
                0x0020404b                tcb_curpri
                0x0020404e                tcb_tstat
                0x00204051                isrcb_lastres
                0x00204052                cntcb_almque
                0x00204053                rescb_prevres
                0x00204054                tcb_actcnt
                0x00204058                tcb_curevt
                0x0020405c                almcb_cycle
                0x00204064                tcxb_sp
                0x00204070                almcb_next
                0x00204074                cntcb_curval
 COMMON         0x00204078       0x44 /cygdrive/c/cygwin/nxtOSEK/ecrobot/../ecrobot/libecrobot.a(uart.oram)
                0x00204078                uart
 COMMON         0x002040bc        0x4 /cygdrive/c/cygwin/nxtOSEK/ecrobot/../ecrobot/libecrobot.a(data_abort.oram)
                0x002040bc                data_abort_pc
 COMMON         0x002040c0        0x8 /cygdrive/c/cygwin/nxtOSEK/ecrobot/../ecrobot/libecrobot.a(display.oram)
                0x002040c0                display_x
                0x002040c4                display_y
 COMMON         0x002040c8      0x31c /cygdrive/c/cygwin/nxtOSEK/ecrobot/../ecrobot/libecrobot.a(sound.oram)
                0x002040c8                sample
                0x00202f80                __bss_start__ = ADDR (.bss)
                0x002043e4                __bss_end__ = (ADDR (.bss) + SIZEOF (.bss))
                0x002043e4                PROVIDE (end, .)

.heap_area      0x002043e4     0xb794
                0x0020fb78                . = (. + (0x20fb78 - end))
 *fill*         0x002043e4     0xb794 00

.stack          0x0020fb78      0x488
                0x0020fbf8                . = (. + 0x80)
 *fill*         0x0020fb78       0x80 00
                0x0020fc00                . = ALIGN (0x10)
 *fill*         0x0020fbf8        0x8 00
                0x0020fc00                __irq_stack__ = .
                0x0020fc00                __system_stack_bottom__ = .
                0x00210000                . = (. + 0x400)
 *fill*         0x0020fc00      0x400 00
                0x00210000                . = ALIGN (0x10)
                0x00210000                __system_stack__ = .
                0x00210000                __system_stack_top__ = .
                0x0020fb78                __stack_start__ = ADDR (.stack)
                0x00210000                __stack_end__ = (ADDR (.stack) + SIZEOF (.stack))
OUTPUT(Strange_Lovers_rom.elf elf32-littlearm)

.comment        0x00000000      0x3ba
 .comment       0x00000000       0x12 build/kernel/alarm.o
 .comment       0x00000012       0x12 build/kernel/event.o
 .comment       0x00000024       0x12 build/kernel/interrupt.o
 .comment       0x00000036       0x12 build/kernel/osctl.o
 .comment       0x00000048       0x12 build/kernel/resource.o
 .comment       0x0000005a       0x12 build/kernel/task.o
 .comment       0x0000006c       0x12 build/kernel/task_manage.o
 .comment       0x0000007e       0x12 build/config/at91sam7s-gnu/cpu_config.o
 .comment       0x00000090       0x12 build/config/at91sam7s-gnu/lego_nxt/sys_config.o
 .comment       0x000000a2       0x12 build/./kernel_cfg.o
 .comment       0x000000b4       0x12 build/syscalls.o
 .comment       0x000000c6       0x12 build/ecrobot_bluetooth.o
 .comment       0x000000d8       0x12 build/ecrobot_base.o
 .comment       0x000000ea       0x12 build/ecrobot.o
 .comment       0x000000fc       0x12 build/./Factory.o
 .comment       0x0000010e       0x12 build/./DrivenPart/WheelMotor.o
 .comment       0x00000120       0x12 build/./DrivenPart/WheelActuator.o
 .comment       0x00000132       0x12 build/syslib/at91sam7s-gnu/lego_nxt/hw_sys_timer.oram
 .comment       0x00000144       0x12 /cygdrive/c/cygwin/nxtOSEK/ecrobot/../c++/liblejososek.a(timerint.o)
 .comment       0x00000156       0x12 /cygdrive/c/cygwin/nxtOSEK/ecrobot/../c++/liblejososek.a(sleep.o)
 .comment       0x00000168       0x12 /cygdrive/c/cygwin/nxtOSEK/ecrobot/../ecrobot/libecrobot.a(ecrobot_device_hook.o)
 .comment       0x0000017a       0x12 /cygdrive/c/cygwin/nxtOSEK/ecrobot/../ecrobot/libecrobot.a(ecrobot_interface.o)
 .comment       0x0000018c       0x12 /cygdrive/c/cygwin/nxtOSEK/ecrobot/../ecrobot/libecrobot.a(colorsensor.o)
 .comment       0x0000019e       0x12 /cygdrive/c/cygwin/nxtOSEK/ecrobot/../ecrobot/libecrobot.a(osek_hook.o)
 .comment       0x000001b0       0x12 /cygdrive/c/cygwin/nxtOSEK/ecrobot/../ecrobot/libecrobot.a(uart.oram)
 .comment       0x000001c2       0x12 /cygdrive/c/cygwin/nxtOSEK/ecrobot/../ecrobot/libecrobot.a(systick.oram)
 .comment       0x000001d4       0x12 /cygdrive/c/cygwin/nxtOSEK/ecrobot/../ecrobot/libecrobot.a(byte_fifo.oram)
 .comment       0x000001e6       0x12 /cygdrive/c/cygwin/nxtOSEK/ecrobot/../ecrobot/libecrobot.a(aic.oram)
 .comment       0x000001f8       0x12 /cygdrive/c/cygwin/nxtOSEK/ecrobot/../ecrobot/libecrobot.a(udp.oram)
 .comment       0x0000020a       0x12 /cygdrive/c/cygwin/nxtOSEK/ecrobot/../ecrobot/libecrobot.a(twi.oram)
 .comment       0x0000021c       0x12 /cygdrive/c/cygwin/nxtOSEK/ecrobot/../ecrobot/libecrobot.a(nxt_spi.oram)
 .comment       0x0000022e       0x12 /cygdrive/c/cygwin/nxtOSEK/ecrobot/../ecrobot/libecrobot.a(nxt_motors.oram)
 .comment       0x00000240       0x12 /cygdrive/c/cygwin/nxtOSEK/ecrobot/../ecrobot/libecrobot.a(data_abort.oram)
 .comment       0x00000252       0x12 /cygdrive/c/cygwin/nxtOSEK/ecrobot/../ecrobot/libecrobot.a(display.oram)
 .comment       0x00000264       0x12 /cygdrive/c/cygwin/nxtOSEK/ecrobot/../ecrobot/libecrobot.a(i2c.oram)
 .comment       0x00000276       0x12 /cygdrive/c/cygwin/nxtOSEK/ecrobot/../ecrobot/libecrobot.a(sound.oram)
 .comment       0x00000288       0x12 /cygdrive/c/cygwin/nxtOSEK/ecrobot/../ecrobot/libecrobot.a(bt.oram)
 .comment       0x0000029a       0x12 /cygdrive/c/cygwin/nxtOSEK/ecrobot/../ecrobot/libecrobot.a(nxt_avr.oram)
 .comment       0x000002ac       0x12 /cygdrive/c/cygwin/nxtOSEK/ecrobot/../ecrobot/libecrobot.a(sensors.oram)
 .comment       0x000002be       0x12 /cygdrive/c/cygwin/nxtOSEK/ecrobot/../ecrobot/libecrobot.a(sensors1.oram)
 .comment       0x000002d0       0x12 /cygdrive/c/cygwin/nxtOSEK/ecrobot/../ecrobot/libecrobot.a(nxt_lcd.oram)
 .comment       0x000002e2       0x12 /cygdrive/c/cygwin/nxtOSEK/ecrobot/../ecrobot/libecrobot.a(flash_loader.oram)
 .comment       0x000002f4       0x12 /cygdrive/c/cygwin/nxtOSEK/ecrobot/../ecrobot/libecrobot.a(ecrobot_usb.o)
 .comment       0x00000306       0x12 /cygdrive/c/cygwin/nxtOSEK/ecrobot/../ecrobot/libecrobot.a(flashprog.oram)
 .comment       0x00000318       0x12 /cygdrive/C/cygwin/GNUARM/bin/../lib/gcc/arm-elf/4.0.2/thumb/interwork/libgcc.a(_muldi3.o)
 .comment       0x0000032a       0x12 /cygdrive/C/cygwin/GNUARM/bin/../lib/gcc/arm-elf/4.0.2/thumb/interwork/libgcc.a(_divdi3.o)
 .comment       0x0000033c       0x12 /cygdrive/C/cygwin/GNUARM/bin/../lib/gcc/arm-elf/4.0.2/thumb/interwork/libgcc.a(_clz.o)
 .comment       0x0000034e       0x12 /cygdrive/C/cygwin/GNUARM/bin/../lib/gcc/arm-elf/4.0.2/../../../../arm-elf/lib/thumb/interwork/libc.a(memcpy.o)
 .comment       0x00000360       0x12 /cygdrive/C/cygwin/GNUARM/bin/../lib/gcc/arm-elf/4.0.2/../../../../arm-elf/lib/thumb/interwork/libc.a(memset.o)
 .comment       0x00000372       0x12 /cygdrive/C/cygwin/GNUARM/bin/../lib/gcc/arm-elf/4.0.2/../../../../arm-elf/lib/thumb/interwork/libc.a(strcmp.o)
 .comment       0x00000384       0x12 /cygdrive/C/cygwin/GNUARM/bin/../lib/gcc/arm-elf/4.0.2/../../../../arm-elf/lib/thumb/interwork/libc.a(strcpy.o)
 .comment       0x00000396       0x12 /cygdrive/C/cygwin/GNUARM/bin/../lib/gcc/arm-elf/4.0.2/../../../../arm-elf/lib/thumb/interwork/libc.a(strlen.o)
 .comment       0x000003a8       0x12 /cygdrive/C/cygwin/GNUARM/bin/../lib/gcc/arm-elf/4.0.2/../../../../arm-elf/lib/thumb/interwork/libc.a(strncpy.o)

.debug_line     0x00000000      0xcf6
 .debug_line    0x00000000       0x70 /cygdrive/C/cygwin/GNUARM/bin/../lib/gcc/arm-elf/4.0.2/thumb/interwork/libgcc.a(_udivsi3.o)
 .debug_line    0x00000070       0x7c /cygdrive/C/cygwin/GNUARM/bin/../lib/gcc/arm-elf/4.0.2/thumb/interwork/libgcc.a(_divsi3.o)
 .debug_line    0x000000ec       0x68 /cygdrive/C/cygwin/GNUARM/bin/../lib/gcc/arm-elf/4.0.2/thumb/interwork/libgcc.a(_umodsi3.o)
 .debug_line    0x00000154       0x71 /cygdrive/C/cygwin/GNUARM/bin/../lib/gcc/arm-elf/4.0.2/thumb/interwork/libgcc.a(_modsi3.o)
 .debug_line    0x000001c5       0x5a /cygdrive/C/cygwin/GNUARM/bin/../lib/gcc/arm-elf/4.0.2/thumb/interwork/libgcc.a(_dvmd_tls.o)
 .debug_line    0x0000021f      0x162 /cygdrive/C/cygwin/GNUARM/bin/../lib/gcc/arm-elf/4.0.2/thumb/interwork/libgcc.a(_addsubdf3.o)
 .debug_line    0x00000381      0x177 /cygdrive/C/cygwin/GNUARM/bin/../lib/gcc/arm-elf/4.0.2/thumb/interwork/libgcc.a(_muldivdf3.o)
 .debug_line    0x000004f8       0xa4 /cygdrive/C/cygwin/GNUARM/bin/../lib/gcc/arm-elf/4.0.2/thumb/interwork/libgcc.a(_cmpdf2.o)
 .debug_line    0x0000059c      0x110 /cygdrive/C/cygwin/GNUARM/bin/../lib/gcc/arm-elf/4.0.2/thumb/interwork/libgcc.a(_addsubsf3.o)
 .debug_line    0x000006ac       0x6f /cygdrive/C/cygwin/GNUARM/bin/../lib/gcc/arm-elf/4.0.2/thumb/interwork/libgcc.a(_fixsfsi.o)
 .debug_line    0x0000071b       0x61 /cygdrive/C/cygwin/GNUARM/bin/../lib/gcc/arm-elf/4.0.2/thumb/interwork/libgcc.a(_muldi3.o)
 .debug_line    0x0000077c      0x122 /cygdrive/C/cygwin/GNUARM/bin/../lib/gcc/arm-elf/4.0.2/thumb/interwork/libgcc.a(_divdi3.o)
 .debug_line    0x0000089e       0x48 /cygdrive/C/cygwin/GNUARM/bin/../lib/gcc/arm-elf/4.0.2/thumb/interwork/libgcc.a(_clz.o)
 .debug_line    0x000008e6       0xc3 /cygdrive/C/cygwin/GNUARM/bin/../lib/gcc/arm-elf/4.0.2/../../../../arm-elf/lib/thumb/interwork/libc.a(memcpy.o)
 .debug_line    0x000009a9       0xd4 /cygdrive/C/cygwin/GNUARM/bin/../lib/gcc/arm-elf/4.0.2/../../../../arm-elf/lib/thumb/interwork/libc.a(memset.o)
 .debug_line    0x00000a7d       0x88 /cygdrive/C/cygwin/GNUARM/bin/../lib/gcc/arm-elf/4.0.2/../../../../arm-elf/lib/thumb/interwork/libc.a(strcmp.o)
 .debug_line    0x00000b05       0x80 /cygdrive/C/cygwin/GNUARM/bin/../lib/gcc/arm-elf/4.0.2/../../../../arm-elf/lib/thumb/interwork/libc.a(strcpy.o)
 .debug_line    0x00000b85       0xaf /cygdrive/C/cygwin/GNUARM/bin/../lib/gcc/arm-elf/4.0.2/../../../../arm-elf/lib/thumb/interwork/libc.a(strlen.o)
 .debug_line    0x00000c34       0xc2 /cygdrive/C/cygwin/GNUARM/bin/../lib/gcc/arm-elf/4.0.2/../../../../arm-elf/lib/thumb/interwork/libc.a(strncpy.o)

.debug_info     0x00000000     0x144c
 .debug_info    0x00000000       0x6a /cygdrive/C/cygwin/GNUARM/bin/../lib/gcc/arm-elf/4.0.2/thumb/interwork/libgcc.a(_udivsi3.o)
 .debug_info    0x0000006a       0x6a /cygdrive/C/cygwin/GNUARM/bin/../lib/gcc/arm-elf/4.0.2/thumb/interwork/libgcc.a(_divsi3.o)
 .debug_info    0x000000d4       0x6a /cygdrive/C/cygwin/GNUARM/bin/../lib/gcc/arm-elf/4.0.2/thumb/interwork/libgcc.a(_umodsi3.o)
 .debug_info    0x0000013e       0x6a /cygdrive/C/cygwin/GNUARM/bin/../lib/gcc/arm-elf/4.0.2/thumb/interwork/libgcc.a(_modsi3.o)
 .debug_info    0x000001a8       0x6a /cygdrive/C/cygwin/GNUARM/bin/../lib/gcc/arm-elf/4.0.2/thumb/interwork/libgcc.a(_dvmd_tls.o)
 .debug_info    0x00000212       0x69 /cygdrive/C/cygwin/GNUARM/bin/../lib/gcc/arm-elf/4.0.2/thumb/interwork/libgcc.a(_addsubdf3.o)
 .debug_info    0x0000027b       0x69 /cygdrive/C/cygwin/GNUARM/bin/../lib/gcc/arm-elf/4.0.2/thumb/interwork/libgcc.a(_muldivdf3.o)
 .debug_info    0x000002e4       0x69 /cygdrive/C/cygwin/GNUARM/bin/../lib/gcc/arm-elf/4.0.2/thumb/interwork/libgcc.a(_cmpdf2.o)
 .debug_info    0x0000034d       0x69 /cygdrive/C/cygwin/GNUARM/bin/../lib/gcc/arm-elf/4.0.2/thumb/interwork/libgcc.a(_addsubsf3.o)
 .debug_info    0x000003b6       0x69 /cygdrive/C/cygwin/GNUARM/bin/../lib/gcc/arm-elf/4.0.2/thumb/interwork/libgcc.a(_fixsfsi.o)
 .debug_info    0x0000041f      0x20e /cygdrive/C/cygwin/GNUARM/bin/../lib/gcc/arm-elf/4.0.2/thumb/interwork/libgcc.a(_muldi3.o)
 .debug_info    0x0000062d      0x758 /cygdrive/C/cygwin/GNUARM/bin/../lib/gcc/arm-elf/4.0.2/thumb/interwork/libgcc.a(_divdi3.o)
 .debug_info    0x00000d85       0xc9 /cygdrive/C/cygwin/GNUARM/bin/../lib/gcc/arm-elf/4.0.2/thumb/interwork/libgcc.a(_clz.o)
 .debug_info    0x00000e4e      0x10d /cygdrive/C/cygwin/GNUARM/bin/../lib/gcc/arm-elf/4.0.2/../../../../arm-elf/lib/thumb/interwork/libc.a(memcpy.o)
 .debug_info    0x00000f5b      0x111 /cygdrive/C/cygwin/GNUARM/bin/../lib/gcc/arm-elf/4.0.2/../../../../arm-elf/lib/thumb/interwork/libc.a(memset.o)
 .debug_info    0x0000106c       0xd9 /cygdrive/C/cygwin/GNUARM/bin/../lib/gcc/arm-elf/4.0.2/../../../../arm-elf/lib/thumb/interwork/libc.a(strcmp.o)
 .debug_info    0x00001145      0x10c /cygdrive/C/cygwin/GNUARM/bin/../lib/gcc/arm-elf/4.0.2/../../../../arm-elf/lib/thumb/interwork/libc.a(strcpy.o)
 .debug_info    0x00001251       0xd5 /cygdrive/C/cygwin/GNUARM/bin/../lib/gcc/arm-elf/4.0.2/../../../../arm-elf/lib/thumb/interwork/libc.a(strlen.o)
 .debug_info    0x00001326      0x126 /cygdrive/C/cygwin/GNUARM/bin/../lib/gcc/arm-elf/4.0.2/../../../../arm-elf/lib/thumb/interwork/libc.a(strncpy.o)

.debug_abbrev   0x00000000      0x6c5
 .debug_abbrev  0x00000000       0x14 /cygdrive/C/cygwin/GNUARM/bin/../lib/gcc/arm-elf/4.0.2/thumb/interwork/libgcc.a(_udivsi3.o)
 .debug_abbrev  0x00000014       0x14 /cygdrive/C/cygwin/GNUARM/bin/../lib/gcc/arm-elf/4.0.2/thumb/interwork/libgcc.a(_divsi3.o)
 .debug_abbrev  0x00000028       0x14 /cygdrive/C/cygwin/GNUARM/bin/../lib/gcc/arm-elf/4.0.2/thumb/interwork/libgcc.a(_umodsi3.o)
 .debug_abbrev  0x0000003c       0x14 /cygdrive/C/cygwin/GNUARM/bin/../lib/gcc/arm-elf/4.0.2/thumb/interwork/libgcc.a(_modsi3.o)
 .debug_abbrev  0x00000050       0x14 /cygdrive/C/cygwin/GNUARM/bin/../lib/gcc/arm-elf/4.0.2/thumb/interwork/libgcc.a(_dvmd_tls.o)
 .debug_abbrev  0x00000064       0x14 /cygdrive/C/cygwin/GNUARM/bin/../lib/gcc/arm-elf/4.0.2/thumb/interwork/libgcc.a(_addsubdf3.o)
 .debug_abbrev  0x00000078       0x14 /cygdrive/C/cygwin/GNUARM/bin/../lib/gcc/arm-elf/4.0.2/thumb/interwork/libgcc.a(_muldivdf3.o)
 .debug_abbrev  0x0000008c       0x14 /cygdrive/C/cygwin/GNUARM/bin/../lib/gcc/arm-elf/4.0.2/thumb/interwork/libgcc.a(_cmpdf2.o)
 .debug_abbrev  0x000000a0       0x14 /cygdrive/C/cygwin/GNUARM/bin/../lib/gcc/arm-elf/4.0.2/thumb/interwork/libgcc.a(_addsubsf3.o)
 .debug_abbrev  0x000000b4       0x14 /cygdrive/C/cygwin/GNUARM/bin/../lib/gcc/arm-elf/4.0.2/thumb/interwork/libgcc.a(_fixsfsi.o)
 .debug_abbrev  0x000000c8       0xec /cygdrive/C/cygwin/GNUARM/bin/../lib/gcc/arm-elf/4.0.2/thumb/interwork/libgcc.a(_muldi3.o)
 .debug_abbrev  0x000001b4      0x174 /cygdrive/C/cygwin/GNUARM/bin/../lib/gcc/arm-elf/4.0.2/thumb/interwork/libgcc.a(_divdi3.o)
 .debug_abbrev  0x00000328       0x61 /cygdrive/C/cygwin/GNUARM/bin/../lib/gcc/arm-elf/4.0.2/thumb/interwork/libgcc.a(_clz.o)
 .debug_abbrev  0x00000389       0x99 /cygdrive/C/cygwin/GNUARM/bin/../lib/gcc/arm-elf/4.0.2/../../../../arm-elf/lib/thumb/interwork/libc.a(memcpy.o)
 .debug_abbrev  0x00000422       0x9a /cygdrive/C/cygwin/GNUARM/bin/../lib/gcc/arm-elf/4.0.2/../../../../arm-elf/lib/thumb/interwork/libc.a(memset.o)
 .debug_abbrev  0x000004bc       0x71 /cygdrive/C/cygwin/GNUARM/bin/../lib/gcc/arm-elf/4.0.2/../../../../arm-elf/lib/thumb/interwork/libc.a(strcmp.o)
 .debug_abbrev  0x0000052d       0x80 /cygdrive/C/cygwin/GNUARM/bin/../lib/gcc/arm-elf/4.0.2/../../../../arm-elf/lib/thumb/interwork/libc.a(strcpy.o)
 .debug_abbrev  0x000005ad       0x8b /cygdrive/C/cygwin/GNUARM/bin/../lib/gcc/arm-elf/4.0.2/../../../../arm-elf/lib/thumb/interwork/libc.a(strlen.o)
 .debug_abbrev  0x00000638       0x8d /cygdrive/C/cygwin/GNUARM/bin/../lib/gcc/arm-elf/4.0.2/../../../../arm-elf/lib/thumb/interwork/libc.a(strncpy.o)

.debug_aranges  0x00000000      0x240
 .debug_aranges
                0x00000000       0x20 /cygdrive/C/cygwin/GNUARM/bin/../lib/gcc/arm-elf/4.0.2/thumb/interwork/libgcc.a(_udivsi3.o)
 .debug_aranges
                0x00000020       0x20 /cygdrive/C/cygwin/GNUARM/bin/../lib/gcc/arm-elf/4.0.2/thumb/interwork/libgcc.a(_divsi3.o)
 .debug_aranges
                0x00000040       0x20 /cygdrive/C/cygwin/GNUARM/bin/../lib/gcc/arm-elf/4.0.2/thumb/interwork/libgcc.a(_umodsi3.o)
 .debug_aranges
                0x00000060       0x20 /cygdrive/C/cygwin/GNUARM/bin/../lib/gcc/arm-elf/4.0.2/thumb/interwork/libgcc.a(_modsi3.o)
 .debug_aranges
                0x00000080       0x20 /cygdrive/C/cygwin/GNUARM/bin/../lib/gcc/arm-elf/4.0.2/thumb/interwork/libgcc.a(_dvmd_tls.o)
 .debug_aranges
                0x000000a0       0x20 /cygdrive/C/cygwin/GNUARM/bin/../lib/gcc/arm-elf/4.0.2/thumb/interwork/libgcc.a(_addsubdf3.o)
 .debug_aranges
                0x000000c0       0x20 /cygdrive/C/cygwin/GNUARM/bin/../lib/gcc/arm-elf/4.0.2/thumb/interwork/libgcc.a(_muldivdf3.o)
 .debug_aranges
                0x000000e0       0x20 /cygdrive/C/cygwin/GNUARM/bin/../lib/gcc/arm-elf/4.0.2/thumb/interwork/libgcc.a(_cmpdf2.o)
 .debug_aranges
                0x00000100       0x20 /cygdrive/C/cygwin/GNUARM/bin/../lib/gcc/arm-elf/4.0.2/thumb/interwork/libgcc.a(_addsubsf3.o)
 .debug_aranges
                0x00000120       0x20 /cygdrive/C/cygwin/GNUARM/bin/../lib/gcc/arm-elf/4.0.2/thumb/interwork/libgcc.a(_fixsfsi.o)
 .debug_aranges
                0x00000140       0x20 /cygdrive/C/cygwin/GNUARM/bin/../lib/gcc/arm-elf/4.0.2/thumb/interwork/libgcc.a(_muldi3.o)
 .debug_aranges
                0x00000160       0x20 /cygdrive/C/cygwin/GNUARM/bin/../lib/gcc/arm-elf/4.0.2/thumb/interwork/libgcc.a(_divdi3.o)
 .debug_aranges
                0x00000180       0x20 /cygdrive/C/cygwin/GNUARM/bin/../lib/gcc/arm-elf/4.0.2/../../../../arm-elf/lib/thumb/interwork/libc.a(memcpy.o)
 .debug_aranges
                0x000001a0       0x20 /cygdrive/C/cygwin/GNUARM/bin/../lib/gcc/arm-elf/4.0.2/../../../../arm-elf/lib/thumb/interwork/libc.a(memset.o)
 .debug_aranges
                0x000001c0       0x20 /cygdrive/C/cygwin/GNUARM/bin/../lib/gcc/arm-elf/4.0.2/../../../../arm-elf/lib/thumb/interwork/libc.a(strcmp.o)
 .debug_aranges
                0x000001e0       0x20 /cygdrive/C/cygwin/GNUARM/bin/../lib/gcc/arm-elf/4.0.2/../../../../arm-elf/lib/thumb/interwork/libc.a(strcpy.o)
 .debug_aranges
                0x00000200       0x20 /cygdrive/C/cygwin/GNUARM/bin/../lib/gcc/arm-elf/4.0.2/../../../../arm-elf/lib/thumb/interwork/libc.a(strlen.o)
 .debug_aranges
                0x00000220       0x20 /cygdrive/C/cygwin/GNUARM/bin/../lib/gcc/arm-elf/4.0.2/../../../../arm-elf/lib/thumb/interwork/libc.a(strncpy.o)

.debug_frame    0x00000000      0x180
 .debug_frame   0x00000000       0x38 /cygdrive/C/cygwin/GNUARM/bin/../lib/gcc/arm-elf/4.0.2/thumb/interwork/libgcc.a(_muldi3.o)
 .debug_frame   0x00000038       0x3c /cygdrive/C/cygwin/GNUARM/bin/../lib/gcc/arm-elf/4.0.2/thumb/interwork/libgcc.a(_divdi3.o)
 .debug_frame   0x00000074       0x2c /cygdrive/C/cygwin/GNUARM/bin/../lib/gcc/arm-elf/4.0.2/../../../../arm-elf/lib/thumb/interwork/libc.a(memcpy.o)
 .debug_frame   0x000000a0       0x2c /cygdrive/C/cygwin/GNUARM/bin/../lib/gcc/arm-elf/4.0.2/../../../../arm-elf/lib/thumb/interwork/libc.a(memset.o)
 .debug_frame   0x000000cc       0x2c /cygdrive/C/cygwin/GNUARM/bin/../lib/gcc/arm-elf/4.0.2/../../../../arm-elf/lib/thumb/interwork/libc.a(strcmp.o)
 .debug_frame   0x000000f8       0x2c /cygdrive/C/cygwin/GNUARM/bin/../lib/gcc/arm-elf/4.0.2/../../../../arm-elf/lib/thumb/interwork/libc.a(strcpy.o)
 .debug_frame   0x00000124       0x2c /cygdrive/C/cygwin/GNUARM/bin/../lib/gcc/arm-elf/4.0.2/../../../../arm-elf/lib/thumb/interwork/libc.a(strlen.o)
 .debug_frame   0x00000150       0x30 /cygdrive/C/cygwin/GNUARM/bin/../lib/gcc/arm-elf/4.0.2/../../../../arm-elf/lib/thumb/interwork/libc.a(strncpy.o)

.debug_loc      0x00000000     0x13c0
 .debug_loc     0x00000000      0x156 /cygdrive/C/cygwin/GNUARM/bin/../lib/gcc/arm-elf/4.0.2/thumb/interwork/libgcc.a(_muldi3.o)
 .debug_loc     0x00000156      0xd45 /cygdrive/C/cygwin/GNUARM/bin/../lib/gcc/arm-elf/4.0.2/thumb/interwork/libgcc.a(_divdi3.o)
 .debug_loc     0x00000e9b      0x127 /cygdrive/C/cygwin/GNUARM/bin/../lib/gcc/arm-elf/4.0.2/../../../../arm-elf/lib/thumb/interwork/libc.a(memcpy.o)
 .debug_loc     0x00000fc2      0x12a /cygdrive/C/cygwin/GNUARM/bin/../lib/gcc/arm-elf/4.0.2/../../../../arm-elf/lib/thumb/interwork/libc.a(memset.o)
 .debug_loc     0x000010ec       0x8e /cygdrive/C/cygwin/GNUARM/bin/../lib/gcc/arm-elf/4.0.2/../../../../arm-elf/lib/thumb/interwork/libc.a(strcmp.o)
 .debug_loc     0x0000117a       0xb4 /cygdrive/C/cygwin/GNUARM/bin/../lib/gcc/arm-elf/4.0.2/../../../../arm-elf/lib/thumb/interwork/libc.a(strcpy.o)
 .debug_loc     0x0000122e       0x3c /cygdrive/C/cygwin/GNUARM/bin/../lib/gcc/arm-elf/4.0.2/../../../../arm-elf/lib/thumb/interwork/libc.a(strlen.o)
 .debug_loc     0x0000126a      0x156 /cygdrive/C/cygwin/GNUARM/bin/../lib/gcc/arm-elf/4.0.2/../../../../arm-elf/lib/thumb/interwork/libc.a(strncpy.o)

.debug_pubnames
                0x00000000      0x10d
 .debug_pubnames
                0x00000000       0x1f /cygdrive/C/cygwin/GNUARM/bin/../lib/gcc/arm-elf/4.0.2/thumb/interwork/libgcc.a(_muldi3.o)
 .debug_pubnames
                0x0000001f       0x1f /cygdrive/C/cygwin/GNUARM/bin/../lib/gcc/arm-elf/4.0.2/thumb/interwork/libgcc.a(_divdi3.o)
 .debug_pubnames
                0x0000003e       0x20 /cygdrive/C/cygwin/GNUARM/bin/../lib/gcc/arm-elf/4.0.2/thumb/interwork/libgcc.a(_clz.o)
 .debug_pubnames
                0x0000005e       0x1d /cygdrive/C/cygwin/GNUARM/bin/../lib/gcc/arm-elf/4.0.2/../../../../arm-elf/lib/thumb/interwork/libc.a(memcpy.o)
 .debug_pubnames
                0x0000007b       0x1d /cygdrive/C/cygwin/GNUARM/bin/../lib/gcc/arm-elf/4.0.2/../../../../arm-elf/lib/thumb/interwork/libc.a(memset.o)
 .debug_pubnames
                0x00000098       0x1d /cygdrive/C/cygwin/GNUARM/bin/../lib/gcc/arm-elf/4.0.2/../../../../arm-elf/lib/thumb/interwork/libc.a(strcmp.o)
 .debug_pubnames
                0x000000b5       0x1d /cygdrive/C/cygwin/GNUARM/bin/../lib/gcc/arm-elf/4.0.2/../../../../arm-elf/lib/thumb/interwork/libc.a(strcpy.o)
 .debug_pubnames
                0x000000d2       0x1d /cygdrive/C/cygwin/GNUARM/bin/../lib/gcc/arm-elf/4.0.2/../../../../arm-elf/lib/thumb/interwork/libc.a(strlen.o)
 .debug_pubnames
                0x000000ef       0x1e /cygdrive/C/cygwin/GNUARM/bin/../lib/gcc/arm-elf/4.0.2/../../../../arm-elf/lib/thumb/interwork/libc.a(strncpy.o)

.debug_ranges   0x00000000      0x1d8
 .debug_ranges  0x00000000       0x30 /cygdrive/C/cygwin/GNUARM/bin/../lib/gcc/arm-elf/4.0.2/thumb/interwork/libgcc.a(_muldi3.o)
 .debug_ranges  0x00000030      0x1a8 /cygdrive/C/cygwin/GNUARM/bin/../lib/gcc/arm-elf/4.0.2/thumb/interwork/libgcc.a(_divdi3.o)

.debug_str      0x00000000      0x38b
 .debug_str     0x00000000       0xfb /cygdrive/C/cygwin/GNUARM/bin/../lib/gcc/arm-elf/4.0.2/thumb/interwork/libgcc.a(_muldi3.o)
                                0x14f (size before relaxing)
 .debug_str     0x000000fb       0x5d /cygdrive/C/cygwin/GNUARM/bin/../lib/gcc/arm-elf/4.0.2/thumb/interwork/libgcc.a(_divdi3.o)
                                0x1a3 (size before relaxing)
 .debug_str     0x00000158        0x0 /cygdrive/C/cygwin/GNUARM/bin/../lib/gcc/arm-elf/4.0.2/thumb/interwork/libgcc.a(_clz.o)
                                0x104 (size before relaxing)
 .debug_str     0x00000158       0xb3 /cygdrive/C/cygwin/GNUARM/bin/../lib/gcc/arm-elf/4.0.2/../../../../arm-elf/lib/thumb/interwork/libc.a(memcpy.o)
                                 0xdf (size before relaxing)
 .debug_str     0x0000020b       0x5a /cygdrive/C/cygwin/GNUARM/bin/../lib/gcc/arm-elf/4.0.2/../../../../arm-elf/lib/thumb/interwork/libc.a(memset.o)
                                0x129 (size before relaxing)
 .debug_str     0x00000265       0x46 /cygdrive/C/cygwin/GNUARM/bin/../lib/gcc/arm-elf/4.0.2/../../../../arm-elf/lib/thumb/interwork/libc.a(strcmp.o)
                                0x10e (size before relaxing)
 .debug_str     0x000002ab       0x46 /cygdrive/C/cygwin/GNUARM/bin/../lib/gcc/arm-elf/4.0.2/../../../../arm-elf/lib/thumb/interwork/libc.a(strcpy.o)
                                0x130 (size before relaxing)
 .debug_str     0x000002f1       0x4c /cygdrive/C/cygwin/GNUARM/bin/../lib/gcc/arm-elf/4.0.2/../../../../arm-elf/lib/thumb/interwork/libc.a(strlen.o)
                                0x128 (size before relaxing)
 .debug_str     0x0000033d       0x4e /cygdrive/C/cygwin/GNUARM/bin/../lib/gcc/arm-elf/4.0.2/../../../../arm-elf/lib/thumb/interwork/libc.a(strncpy.o)
                                0x13f (size before relaxing)

Cross Reference Table

Symbol                                            File
ActionTask                                        build/./kernel_cfg.o
ActivateTask                                      build/kernel/task_manage.o
                                                  build/./kernel_cfg.o
CancelAlarm                                       build/kernel/alarm.o
ChainTask                                         build/kernel/task_manage.o
ClearEvent                                        build/kernel/event.o
                                                  /cygdrive/c/cygwin/nxtOSEK/ecrobot/../c++/liblejososek.a(sleep.o)
DisableAllInterrupts                              build/kernel/interrupt.o
EnableAllInterrupts                               build/kernel/interrupt.o
ErrorHook                                         /cygdrive/c/cygwin/nxtOSEK/ecrobot/../ecrobot/libecrobot.a(osek_hook.o)
                                                  build/kernel/osctl.o
GetActiveApplicationMode                          build/kernel/osctl.o
GetAlarm                                          build/kernel/alarm.o
GetAlarmBase                                      build/kernel/alarm.o
GetEvent                                          build/kernel/event.o
GetResource                                       build/kernel/resource.o
GetTaskID                                         build/kernel/task_manage.o
                                                  /cygdrive/c/cygwin/nxtOSEK/ecrobot/../c++/liblejososek.a(sleep.o)
GetTaskState                                      build/kernel/task_manage.o
INITIALIZE                                        build/./kernel_cfg.o
Motor_get_count                                   build/./DrivenPart/WheelMotor.o
Motor_set_speed                                   build/./DrivenPart/WheelMotor.o
NXT_COLORSENSOR_PROTOCOLS                         /cygdrive/c/cygwin/nxtOSEK/ecrobot/../ecrobot/libecrobot.a(ecrobot_interface.o)
NXT_Entry_Point                                   build/nxt_entry_point.o
                                                  build/nxt_binary_header.o
PostTaskHook                                      /cygdrive/c/cygwin/nxtOSEK/ecrobot/../ecrobot/libecrobot.a(osek_hook.o)
                                                  build/config/at91sam7s-gnu/cpu_support.oram
                                                  build/kernel/osctl.o
PreTaskHook                                       /cygdrive/c/cygwin/nxtOSEK/ecrobot/../ecrobot/libecrobot.a(osek_hook.o)
                                                  build/config/at91sam7s-gnu/cpu_support.oram
                                                  build/kernel/osctl.o
RUNEVENT                                          build/./kernel_cfg.o
ReleaseResource                                   build/kernel/resource.o
ResumeAllInterrupts                               build/kernel/interrupt.o
ResumeOSInterrupts                                build/kernel/interrupt.o
Schedule                                          build/kernel/task_manage.o
SelfBalance_control                               build/./DrivenPart/WheelActuator.o
SelfBalance_init                                  build/./DrivenPart/WheelActuator.o
SensorEventMask                                   /cygdrive/c/cygwin/nxtOSEK/ecrobot/../c++/liblejososek.a(sleep.o)
SensorMonitorCounter                              /cygdrive/c/cygwin/nxtOSEK/ecrobot/../c++/liblejososek.a(timerint.o)
SetAbsAlarm                                       build/kernel/alarm.o
SetEvent                                          build/kernel/event.o
                                                  /cygdrive/c/cygwin/nxtOSEK/ecrobot/../c++/liblejososek.a(timerint.o)
SetRelAlarm                                       build/kernel/alarm.o
ShutdownHook                                      /cygdrive/c/cygwin/nxtOSEK/ecrobot/../ecrobot/libecrobot.a(osek_hook.o)
                                                  build/kernel/osctl.o
ShutdownOS                                        build/kernel/osctl.o
                                                  /cygdrive/c/cygwin/nxtOSEK/ecrobot/../c++/liblejososek.a(timerint.o)
SignalCounter                                     build/kernel/alarm.o
                                                  /cygdrive/c/cygwin/nxtOSEK/ecrobot/../c++/liblejososek.a(timerint.o)
SleepEventMask                                    /cygdrive/c/cygwin/nxtOSEK/ecrobot/../c++/liblejososek.a(sleep.o)
                                                  /cygdrive/c/cygwin/nxtOSEK/ecrobot/../c++/liblejososek.a(timerint.o)
StartOS                                           build/kernel/osctl.o
                                                  build/ecrobot.o
StartupHook                                       /cygdrive/c/cygwin/nxtOSEK/ecrobot/../ecrobot/libecrobot.a(osek_hook.o)
                                                  build/kernel/osctl.o
SuspendAllInterrupts                              build/kernel/interrupt.o
SuspendOSInterrupts                               build/kernel/interrupt.o
SysTimerCnt                                       build/./kernel_cfg.o
TaskMainActionTask                                build/./kernel_cfg.o
TaskMainINITIALIZE                                build/./kernel_cfg.o
TaskMainUI                                        build/./kernel_cfg.o
TerminateTask                                     build/kernel/task_manage.o
UI                                                build/./kernel_cfg.o
WaitEvent                                         build/kernel/event.o
                                                  /cygdrive/c/cygwin/nxtOSEK/ecrobot/../c++/liblejososek.a(sleep.o)
WheelActuator_balance_running                     build/./DrivenPart/WheelActuator.o
WheelActuator_dirve_motors                        build/./DrivenPart/WheelActuator.o
WheelActuator_init                                build/./DrivenPart/WheelActuator.o
WheelActuator_set_forward                         build/./DrivenPart/WheelActuator.o
WheelActuator_set_self_balancing_requirement      build/./DrivenPart/WheelActuator.o
WheelActuator_set_turn                            build/./DrivenPart/WheelActuator.o
WheelActuator_tail_running                        build/./DrivenPart/WheelActuator.o
WheelMotor_drive_motor                            build/./DrivenPart/WheelMotor.o
                                                  build/./DrivenPart/WheelActuator.o
WheelMotor_get_count                              build/./DrivenPart/WheelMotor.o
WheelMotor_init                                   build/./DrivenPart/WheelMotor.o
__Motor_get_count_change_to_arm                   /cygdrive/C/cygwin/GNUARM/bin/../lib/gcc/arm-elf/4.0.2/../../../../arm-elf/lib/thumb/interwork/libc.a(strncpy.o)
__Motor_get_count_from_thumb                      /cygdrive/C/cygwin/GNUARM/bin/../lib/gcc/arm-elf/4.0.2/../../../../arm-elf/lib/thumb/interwork/libc.a(strncpy.o)
__Motor_set_speed_change_to_arm                   /cygdrive/C/cygwin/GNUARM/bin/../lib/gcc/arm-elf/4.0.2/../../../../arm-elf/lib/thumb/interwork/libc.a(strncpy.o)
__Motor_set_speed_from_thumb                      /cygdrive/C/cygwin/GNUARM/bin/../lib/gcc/arm-elf/4.0.2/../../../../arm-elf/lib/thumb/interwork/libc.a(strncpy.o)
__SelfBalance_control_change_to_arm               /cygdrive/C/cygwin/GNUARM/bin/../lib/gcc/arm-elf/4.0.2/../../../../arm-elf/lib/thumb/interwork/libc.a(strncpy.o)
__SelfBalance_control_from_thumb                  /cygdrive/C/cygwin/GNUARM/bin/../lib/gcc/arm-elf/4.0.2/../../../../arm-elf/lib/thumb/interwork/libc.a(strncpy.o)
__SelfBalance_init_change_to_arm                  /cygdrive/C/cygwin/GNUARM/bin/../lib/gcc/arm-elf/4.0.2/../../../../arm-elf/lib/thumb/interwork/libc.a(strncpy.o)
__SelfBalance_init_from_thumb                     /cygdrive/C/cygwin/GNUARM/bin/../lib/gcc/arm-elf/4.0.2/../../../../arm-elf/lib/thumb/interwork/libc.a(strncpy.o)
____addsf3_change_to_arm                          /cygdrive/C/cygwin/GNUARM/bin/../lib/gcc/arm-elf/4.0.2/../../../../arm-elf/lib/thumb/interwork/libc.a(strncpy.o)
____addsf3_from_thumb                             /cygdrive/C/cygwin/GNUARM/bin/../lib/gcc/arm-elf/4.0.2/../../../../arm-elf/lib/thumb/interwork/libc.a(strncpy.o)
____fixsfsi_change_to_arm                         /cygdrive/C/cygwin/GNUARM/bin/../lib/gcc/arm-elf/4.0.2/../../../../arm-elf/lib/thumb/interwork/libc.a(strncpy.o)
____fixsfsi_from_thumb                            /cygdrive/C/cygwin/GNUARM/bin/../lib/gcc/arm-elf/4.0.2/../../../../arm-elf/lib/thumb/interwork/libc.a(strncpy.o)
____floatsidf_change_to_arm                       /cygdrive/C/cygwin/GNUARM/bin/../lib/gcc/arm-elf/4.0.2/../../../../arm-elf/lib/thumb/interwork/libc.a(strncpy.o)
____floatsidf_from_thumb                          /cygdrive/C/cygwin/GNUARM/bin/../lib/gcc/arm-elf/4.0.2/../../../../arm-elf/lib/thumb/interwork/libc.a(strncpy.o)
____gtdf2_change_to_arm                           /cygdrive/C/cygwin/GNUARM/bin/../lib/gcc/arm-elf/4.0.2/../../../../arm-elf/lib/thumb/interwork/libc.a(strncpy.o)
____gtdf2_from_thumb                              /cygdrive/C/cygwin/GNUARM/bin/../lib/gcc/arm-elf/4.0.2/../../../../arm-elf/lib/thumb/interwork/libc.a(strncpy.o)
____muldf3_change_to_arm                          /cygdrive/C/cygwin/GNUARM/bin/../lib/gcc/arm-elf/4.0.2/../../../../arm-elf/lib/thumb/interwork/libc.a(strncpy.o)
____muldf3_from_thumb                             /cygdrive/C/cygwin/GNUARM/bin/../lib/gcc/arm-elf/4.0.2/../../../../arm-elf/lib/thumb/interwork/libc.a(strncpy.o)
____subsf3_change_to_arm                          /cygdrive/C/cygwin/GNUARM/bin/../lib/gcc/arm-elf/4.0.2/../../../../arm-elf/lib/thumb/interwork/libc.a(strncpy.o)
____subsf3_from_thumb                             /cygdrive/C/cygwin/GNUARM/bin/../lib/gcc/arm-elf/4.0.2/../../../../arm-elf/lib/thumb/interwork/libc.a(strncpy.o)
__adddf3                                          /cygdrive/C/cygwin/GNUARM/bin/../lib/gcc/arm-elf/4.0.2/thumb/interwork/libgcc.a(_addsubdf3.o)
__addsf3                                          /cygdrive/C/cygwin/GNUARM/bin/../lib/gcc/arm-elf/4.0.2/thumb/interwork/libgcc.a(_addsubsf3.o)
                                                  build/./DrivenPart/WheelActuator.o
__aeabi_cdcmpeq                                   /cygdrive/C/cygwin/GNUARM/bin/../lib/gcc/arm-elf/4.0.2/thumb/interwork/libgcc.a(_cmpdf2.o)
__aeabi_cdcmple                                   /cygdrive/C/cygwin/GNUARM/bin/../lib/gcc/arm-elf/4.0.2/thumb/interwork/libgcc.a(_cmpdf2.o)
__aeabi_cdrcmple                                  /cygdrive/C/cygwin/GNUARM/bin/../lib/gcc/arm-elf/4.0.2/thumb/interwork/libgcc.a(_cmpdf2.o)
__aeabi_dadd                                      /cygdrive/C/cygwin/GNUARM/bin/../lib/gcc/arm-elf/4.0.2/thumb/interwork/libgcc.a(_addsubdf3.o)
__aeabi_dcmpeq                                    /cygdrive/C/cygwin/GNUARM/bin/../lib/gcc/arm-elf/4.0.2/thumb/interwork/libgcc.a(_cmpdf2.o)
__aeabi_dcmpge                                    /cygdrive/C/cygwin/GNUARM/bin/../lib/gcc/arm-elf/4.0.2/thumb/interwork/libgcc.a(_cmpdf2.o)
__aeabi_dcmpgt                                    /cygdrive/C/cygwin/GNUARM/bin/../lib/gcc/arm-elf/4.0.2/thumb/interwork/libgcc.a(_cmpdf2.o)
__aeabi_dcmple                                    /cygdrive/C/cygwin/GNUARM/bin/../lib/gcc/arm-elf/4.0.2/thumb/interwork/libgcc.a(_cmpdf2.o)
__aeabi_dcmplt                                    /cygdrive/C/cygwin/GNUARM/bin/../lib/gcc/arm-elf/4.0.2/thumb/interwork/libgcc.a(_cmpdf2.o)
__aeabi_ddiv                                      /cygdrive/C/cygwin/GNUARM/bin/../lib/gcc/arm-elf/4.0.2/thumb/interwork/libgcc.a(_muldivdf3.o)
__aeabi_dmul                                      /cygdrive/C/cygwin/GNUARM/bin/../lib/gcc/arm-elf/4.0.2/thumb/interwork/libgcc.a(_muldivdf3.o)
__aeabi_drsub                                     /cygdrive/C/cygwin/GNUARM/bin/../lib/gcc/arm-elf/4.0.2/thumb/interwork/libgcc.a(_addsubdf3.o)
__aeabi_dsub                                      /cygdrive/C/cygwin/GNUARM/bin/../lib/gcc/arm-elf/4.0.2/thumb/interwork/libgcc.a(_addsubdf3.o)
__aeabi_f2d                                       /cygdrive/C/cygwin/GNUARM/bin/../lib/gcc/arm-elf/4.0.2/thumb/interwork/libgcc.a(_addsubdf3.o)
__aeabi_f2iz                                      /cygdrive/C/cygwin/GNUARM/bin/../lib/gcc/arm-elf/4.0.2/thumb/interwork/libgcc.a(_fixsfsi.o)
__aeabi_fadd                                      /cygdrive/C/cygwin/GNUARM/bin/../lib/gcc/arm-elf/4.0.2/thumb/interwork/libgcc.a(_addsubsf3.o)
__aeabi_frsub                                     /cygdrive/C/cygwin/GNUARM/bin/../lib/gcc/arm-elf/4.0.2/thumb/interwork/libgcc.a(_addsubsf3.o)
__aeabi_fsub                                      /cygdrive/C/cygwin/GNUARM/bin/../lib/gcc/arm-elf/4.0.2/thumb/interwork/libgcc.a(_addsubsf3.o)
__aeabi_i2d                                       /cygdrive/C/cygwin/GNUARM/bin/../lib/gcc/arm-elf/4.0.2/thumb/interwork/libgcc.a(_addsubdf3.o)
__aeabi_i2f                                       /cygdrive/C/cygwin/GNUARM/bin/../lib/gcc/arm-elf/4.0.2/thumb/interwork/libgcc.a(_addsubsf3.o)
__aeabi_idiv0                                     /cygdrive/C/cygwin/GNUARM/bin/../lib/gcc/arm-elf/4.0.2/thumb/interwork/libgcc.a(_dvmd_tls.o)
__aeabi_idivmod                                   /cygdrive/C/cygwin/GNUARM/bin/../lib/gcc/arm-elf/4.0.2/thumb/interwork/libgcc.a(_divsi3.o)
__aeabi_l2d                                       /cygdrive/C/cygwin/GNUARM/bin/../lib/gcc/arm-elf/4.0.2/thumb/interwork/libgcc.a(_addsubdf3.o)
__aeabi_l2f                                       /cygdrive/C/cygwin/GNUARM/bin/../lib/gcc/arm-elf/4.0.2/thumb/interwork/libgcc.a(_addsubsf3.o)
__aeabi_ldiv0                                     /cygdrive/C/cygwin/GNUARM/bin/../lib/gcc/arm-elf/4.0.2/thumb/interwork/libgcc.a(_dvmd_tls.o)
__aeabi_ui2d                                      /cygdrive/C/cygwin/GNUARM/bin/../lib/gcc/arm-elf/4.0.2/thumb/interwork/libgcc.a(_addsubdf3.o)
__aeabi_ui2f                                      /cygdrive/C/cygwin/GNUARM/bin/../lib/gcc/arm-elf/4.0.2/thumb/interwork/libgcc.a(_addsubsf3.o)
__aeabi_uidivmod                                  /cygdrive/C/cygwin/GNUARM/bin/../lib/gcc/arm-elf/4.0.2/thumb/interwork/libgcc.a(_udivsi3.o)
__aeabi_ul2d                                      /cygdrive/C/cygwin/GNUARM/bin/../lib/gcc/arm-elf/4.0.2/thumb/interwork/libgcc.a(_addsubdf3.o)
__aeabi_ul2f                                      /cygdrive/C/cygwin/GNUARM/bin/../lib/gcc/arm-elf/4.0.2/thumb/interwork/libgcc.a(_addsubsf3.o)
__bss_end__                                       build/ecrobot_init.o
__bss_start__                                     build/ecrobot_init.o
__call_posttaskhook_from_arm                      /cygdrive/C/cygwin/GNUARM/bin/../lib/gcc/arm-elf/4.0.2/../../../../arm-elf/lib/thumb/interwork/libc.a(strncpy.o)
__call_pretaskhook_from_arm                       /cygdrive/C/cygwin/GNUARM/bin/../lib/gcc/arm-elf/4.0.2/../../../../arm-elf/lib/thumb/interwork/libc.a(strncpy.o)
__clz_tab                                         /cygdrive/C/cygwin/GNUARM/bin/../lib/gcc/arm-elf/4.0.2/thumb/interwork/libgcc.a(_clz.o)
                                                  /cygdrive/C/cygwin/GNUARM/bin/../lib/gcc/arm-elf/4.0.2/thumb/interwork/libgcc.a(_divdi3.o)
__cmpdf2                                          /cygdrive/C/cygwin/GNUARM/bin/../lib/gcc/arm-elf/4.0.2/thumb/interwork/libgcc.a(_cmpdf2.o)
__ctor_begin                                      build/ecrobot_base.o
__ctor_end                                        build/ecrobot_base.o
__data_load_end__                                 build/ecrobot_init.o
__data_load_start__                               build/ecrobot_init.o
__data_ram_start__                                build/ecrobot_init.o
__disable_int_change_to_arm                       /cygdrive/C/cygwin/GNUARM/bin/../lib/gcc/arm-elf/4.0.2/../../../../arm-elf/lib/thumb/interwork/libc.a(strncpy.o)
__disable_int_from_thumb                          /cygdrive/C/cygwin/GNUARM/bin/../lib/gcc/arm-elf/4.0.2/../../../../arm-elf/lib/thumb/interwork/libc.a(strncpy.o)
__dispatch_change_to_arm                          /cygdrive/C/cygwin/GNUARM/bin/../lib/gcc/arm-elf/4.0.2/../../../../arm-elf/lib/thumb/interwork/libc.a(strncpy.o)
__dispatch_from_thumb                             /cygdrive/C/cygwin/GNUARM/bin/../lib/gcc/arm-elf/4.0.2/../../../../arm-elf/lib/thumb/interwork/libc.a(strncpy.o)
__display_bios_status_change_to_arm               /cygdrive/C/cygwin/GNUARM/bin/../lib/gcc/arm-elf/4.0.2/../../../../arm-elf/lib/thumb/interwork/libc.a(strncpy.o)
__display_bios_status_from_thumb                  /cygdrive/C/cygwin/GNUARM/bin/../lib/gcc/arm-elf/4.0.2/../../../../arm-elf/lib/thumb/interwork/libc.a(strncpy.o)
__div0                                            /cygdrive/C/cygwin/GNUARM/bin/../lib/gcc/arm-elf/4.0.2/thumb/interwork/libgcc.a(_dvmd_tls.o)
                                                  /cygdrive/C/cygwin/GNUARM/bin/../lib/gcc/arm-elf/4.0.2/thumb/interwork/libgcc.a(_modsi3.o)
                                                  /cygdrive/C/cygwin/GNUARM/bin/../lib/gcc/arm-elf/4.0.2/thumb/interwork/libgcc.a(_umodsi3.o)
                                                  /cygdrive/C/cygwin/GNUARM/bin/../lib/gcc/arm-elf/4.0.2/thumb/interwork/libgcc.a(_divsi3.o)
                                                  /cygdrive/C/cygwin/GNUARM/bin/../lib/gcc/arm-elf/4.0.2/thumb/interwork/libgcc.a(_udivsi3.o)
__divdf3                                          /cygdrive/C/cygwin/GNUARM/bin/../lib/gcc/arm-elf/4.0.2/thumb/interwork/libgcc.a(_muldivdf3.o)
__divdi3                                          /cygdrive/C/cygwin/GNUARM/bin/../lib/gcc/arm-elf/4.0.2/thumb/interwork/libgcc.a(_divdi3.o)